Component: ARM Compiler 5.06 update 4 (build 422) Tool: armlink [4d35d2]

==============================================================================

Section Cross References

    startup_stm32f103x6.o(STACK) refers (Special) to heapauxi.o(.text) for __use_two_region_memory
    startup_stm32f103x6.o(HEAP) refers (Special) to heapauxi.o(.text) for __use_two_region_memory
    startup_stm32f103x6.o(RESET) refers (Special) to heapauxi.o(.text) for __use_two_region_memory
    startup_stm32f103x6.o(RESET) refers to startup_stm32f103x6.o(STACK) for __initial_sp
    startup_stm32f103x6.o(RESET) refers to startup_stm32f103x6.o(.text) for Reset_Handler
    startup_stm32f103x6.o(RESET) refers to stm32f1xx_it.o(i.NMI_Handler) for NMI_Handler
    startup_stm32f103x6.o(RESET) refers to stm32f1xx_it.o(i.HardFault_Handler) for HardFault_Handler
    startup_stm32f103x6.o(RESET) refers to stm32f1xx_it.o(i.MemManage_Handler) for MemManage_Handler
    startup_stm32f103x6.o(RESET) refers to stm32f1xx_it.o(i.BusFault_Handler) for BusFault_Handler
    startup_stm32f103x6.o(RESET) refers to stm32f1xx_it.o(i.UsageFault_Handler) for UsageFault_Handler
    startup_stm32f103x6.o(RESET) refers to port.o(.emb_text) for SVC_Handler
    startup_stm32f103x6.o(RESET) refers to stm32f1xx_it.o(i.DebugMon_Handler) for DebugMon_Handler
    startup_stm32f103x6.o(RESET) refers to port.o(i.SysTick_Handler) for SysTick_Handler
    startup_stm32f103x6.o(RESET) refers to stm32f1xx_it.o(i.TIM1_UP_IRQHandler) for TIM1_UP_IRQHandler
    startup_stm32f103x6.o(.text) refers (Special) to heapauxi.o(.text) for __use_two_region_memory
    startup_stm32f103x6.o(.text) refers to system_stm32f1xx.o(i.SystemInit) for SystemInit
    startup_stm32f103x6.o(.text) refers to __main.o(!!!main) for __main
    startup_stm32f103x6.o(.text) refers to startup_stm32f103x6.o(HEAP) for Heap_Mem
    startup_stm32f103x6.o(.text) refers to startup_stm32f103x6.o(STACK) for Stack_Mem
    iic.o(i.IIC_Ack) refers to stm32f1xx_hal_gpio.o(i.HAL_GPIO_WritePin) for HAL_GPIO_WritePin
    iic.o(i.IIC_Ack) refers to iic.o(i.IIC_Delay) for IIC_Delay
    iic.o(i.IIC_CheckDevice) refers to iic.o(i.IIC_GPIO_Init) for IIC_GPIO_Init
    iic.o(i.IIC_CheckDevice) refers to iic.o(i.IIC_Start) for IIC_Start
    iic.o(i.IIC_CheckDevice) refers to iic.o(i.IIC_Send_Byte) for IIC_Send_Byte
    iic.o(i.IIC_CheckDevice) refers to iic.o(i.IIC_Wait_Ack) for IIC_Wait_Ack
    iic.o(i.IIC_CheckDevice) refers to iic.o(i.IIC_Stop) for IIC_Stop
    iic.o(i.IIC_GPIO_Init) refers to stm32f1xx_hal_gpio.o(i.HAL_GPIO_Init) for HAL_GPIO_Init
    iic.o(i.IIC_GPIO_Init) refers to iic.o(i.IIC_Stop) for IIC_Stop
    iic.o(i.IIC_NAck) refers to stm32f1xx_hal_gpio.o(i.HAL_GPIO_WritePin) for HAL_GPIO_WritePin
    iic.o(i.IIC_NAck) refers to iic.o(i.IIC_Delay) for IIC_Delay
    iic.o(i.IIC_Read_Byte) refers to stm32f1xx_hal_gpio.o(i.HAL_GPIO_WritePin) for HAL_GPIO_WritePin
    iic.o(i.IIC_Read_Byte) refers to iic.o(i.IIC_Delay) for IIC_Delay
    iic.o(i.IIC_Read_Byte) refers to stm32f1xx_hal_gpio.o(i.HAL_GPIO_ReadPin) for HAL_GPIO_ReadPin
    iic.o(i.IIC_Read_Byte) refers to iic.o(i.IIC_Ack) for IIC_Ack
    iic.o(i.IIC_Read_Byte) refers to iic.o(i.IIC_NAck) for IIC_NAck
    iic.o(i.IIC_Send_Byte) refers to stm32f1xx_hal_gpio.o(i.HAL_GPIO_WritePin) for HAL_GPIO_WritePin
    iic.o(i.IIC_Send_Byte) refers to iic.o(i.IIC_Delay) for IIC_Delay
    iic.o(i.IIC_Start) refers to stm32f1xx_hal_gpio.o(i.HAL_GPIO_WritePin) for HAL_GPIO_WritePin
    iic.o(i.IIC_Start) refers to iic.o(i.IIC_Delay) for IIC_Delay
    iic.o(i.IIC_Stop) refers to stm32f1xx_hal_gpio.o(i.HAL_GPIO_WritePin) for HAL_GPIO_WritePin
    iic.o(i.IIC_Stop) refers to iic.o(i.IIC_Delay) for IIC_Delay
    iic.o(i.IIC_Wait_Ack) refers to stm32f1xx_hal_gpio.o(i.HAL_GPIO_WritePin) for HAL_GPIO_WritePin
    iic.o(i.IIC_Wait_Ack) refers to iic.o(i.IIC_Delay) for IIC_Delay
    iic.o(i.IIC_Wait_Ack) refers to stm32f1xx_hal_gpio.o(i.HAL_GPIO_ReadPin) for HAL_GPIO_ReadPin
    inv_mpu.o(i.accel_self_test) refers to inv_mpu.o(i.get_accel_prod_shift) for get_accel_prod_shift
    inv_mpu.o(i.accel_self_test) refers to fflt_clz.o(x$fpl$fflt) for __aeabi_i2f
    inv_mpu.o(i.accel_self_test) refers to scalbnf.o(x$fpl$scalbnf) for __ARM_scalbnf
    inv_mpu.o(i.accel_self_test) refers to fdiv.o(x$fpl$fdiv) for __aeabi_fdiv
    inv_mpu.o(i.accel_self_test) refers to faddsub_clz.o(x$fpl$fsub) for __aeabi_fsub
    inv_mpu.o(i.get_accel_prod_shift) refers to mpu6050.o(i.MPU_Read_Len) for MPU_Read_Len
    inv_mpu.o(i.get_accel_prod_shift) refers to fmul.o(x$fpl$fmul) for __aeabi_fmul
    inv_mpu.o(i.get_accel_prod_shift) refers to inv_mpu.o(.data) for .data
    inv_mpu.o(i.get_st_biases) refers to mpu6050.o(i.MPU_Write_Len) for MPU_Write_Len
    inv_mpu.o(i.get_st_biases) refers to stm32f1xx_hal.o(i.HAL_Delay) for HAL_Delay
    inv_mpu.o(i.get_st_biases) refers to mpu6050.o(i.MPU_Read_Len) for MPU_Read_Len
[...]
    .data                                    0x20000038   Section       28  dmp_self.o(.data)
    yaw_gyro                                 0x2000004c   Data           4  dmp_self.o(.data)
    index                                    0x20000050   Data           4  dmp_self.o(.data)
    .data                                    0x20000054   Section        2  dmp_self.o(.data)
    .data                                    0x20000056   Section        2  dmp_self.o(.data)
    .data                                    0x20000058   Section       72  freertos.o(.data)
    a                                        0x20000058   Data           1  freertos.o(.data)
    b                                        0x20000059   Data           1  freertos.o(.data)
    left                                     0x2000005a   Data           1  freertos.o(.data)
    right                                    0x2000005b   Data           1  freertos.o(.data)
    mid                                      0x2000005c   Data           1  freertos.o(.data)
    tempp                                    0x2000005d   Data           1  freertos.o(.data)
    surve_left                               0x2000005e   Data           1  freertos.o(.data)
    surve_right                              0x2000005f   Data           1  freertos.o(.data)
    x                                        0x20000060   Data           1  freertos.o(.data)
    y                                        0x20000061   Data           1  freertos.o(.data)
    state                                    0x20000062   Data           1  freertos.o(.data)
    pwmVal                                   0x20000064   Data           4  freertos.o(.data)
    i                                        0x20000068   Data           4  freertos.o(.data)
    j                                        0x2000006c   Data           4  freertos.o(.data)
    i                                        0x20000070   Data           4  freertos.o(.data)
    derta_pitch                              0x20000074   Data           4  freertos.o(.data)
    derta_yaw                                0x20000078   Data           4  freertos.o(.data)
    derta_row                                0x2000007c   Data           4  freertos.o(.data)
    ducked                                   0x20000080   Data           4  freertos.o(.data)
    .data                                    0x200000a0   Section       12  stm32f1xx_hal.o(.data)
    .data                                    0x200000ac   Section        4  system_stm32f1xx.o(.data)
    .data                                    0x200000b0   Section       60  tasks.o(.data)
    uxDeletedTasksWaitingCleanUp             0x200000b4   Data           4  tasks.o(.data)
    uxCurrentNumberOfTasks                   0x200000b8   Data           4  tasks.o(.data)
    xTickCount                               0x200000bc   Data           4  tasks.o(.data)
    uxTopReadyPriority                       0x200000c0   Data           4  tasks.o(.data)
    xSchedulerRunning                        0x200000c4   Data           4  tasks.o(.data)
    xPendedTicks                             0x200000c8   Data           4  tasks.o(.data)
    xYieldPending                            0x200000cc   Data           4  tasks.o(.data)
    xNumOfOverflows                          0x200000d0   Data           4  tasks.o(.data)
    uxTaskNumber                             0x200000d4   Data           4  tasks.o(.data)
    xNextTaskUnblockTime                     0x200000d8   Data           4  tasks.o(.data)
    xIdleTaskHandle                          0x200000dc   Data           4  tasks.o(.data)
    uxSchedulerSuspended                     0x200000e0   Data           4  tasks.o(.data)
    pxDelayedTaskList                        0x200000e4   Data           4  tasks.o(.data)
    pxOverflowDelayedTaskList                0x200000e8   Data           4  tasks.o(.data)
    .data                                    0x200000ec   Section       32  heap_4.o(.data)
    pxEnd                                    0x200000ec   Data           4  heap_4.o(.data)
    xFreeBytesRemaining                      0x200000f0   Data           4  heap_4.o(.data)
    xMinimumEverFreeBytesRemaining           0x200000f4   Data           4  heap_4.o(.data)
    xNumberOfSuccessfulAllocations           0x200000f8   Data           4  heap_4.o(.data)
    xNumberOfSuccessfulFrees                 0x200000fc   Data           4  heap_4.o(.data)
    xBlockAllocatedBit                       0x20000100   Data           4  heap_4.o(.data)
    xStart                                   0x20000104   Data           8  heap_4.o(.data)
    .data                                    0x2000010c   Section       12  port.o(.data)
    ucMaxSysCallPriority                     0x2000010c   Data           1  port.o(.data)
    uxCriticalNesting                        0x20000110   Data           4  port.o(.data)
    ulMaxPRIGROUPValue                       0x20000114   Data           4  port.o(.data)
    .bss                                     0x20000118   Section       16  inv_mpu_dmp_motion_driver.o(.bss)
    dmp                                      0x20000118   Data          16  inv_mpu_dmp_motion_driver.o(.bss)
    .bss                                     0x20000128   Section       20  dmp_self.o(.bss)
    yaw_history                              0x20000128   Data          20  dmp_self.o(.bss)
    .bss                                     0x2000013c   Section      416  freertos.o(.bss)
    receiveData                              0x2000013c   Data          20  freertos.o(.bss)
    mesg                                     0x20000150   Data          20  freertos.o(.bss)
    xIdleTaskTCBBuffer                       0x20000164   Data          84  freertos.o(.bss)
    xIdleStack                               0x200001b8   Data         256  freertos.o(.bss)
    .bss                                     0x200002dc   Section       84  i2c.o(.bss)
    .bss                                     0x20000330   Section      144  tim.o(.bss)
    .bss                                     0x200003c0   Section      144  usart.o(.bss)
    .bss                                     0x20000450   Section       72  stm32f1xx_hal_timebase_tim.o(.bss)
    .bss                                     0x20000498   Section      240  tasks.o(.bss)
    pxReadyTasksLists                        0x20000498   Data         140  tasks.o(.bss)
    xDelayedTaskList1                        0x20000524   Data          20  tasks.o(.bss)
    xDelayedTaskList2                        0x20000538   Data          20  tasks.o(.bss)
    xPendingReadyList                        0x2000054c   Data          20  tasks.o(.bss)
    xTasksWaitingTermination                 0x20000560   Data          20  tasks.o(.bss)
    xSuspendedTaskList                       0x20000574   Data          20  tasks.o(.bss)
    .bss                                     0x20000588   Section     3072  heap_4.o(.bss)
    ucHeap                                   0x20000588   Data        3072  heap_4.o(.bss)
    .bss                                     0x20001188   Section       96  libspace.o(.bss)
    HEAP                                     0x200011e8   Section      512  startup_stm32f103x6.o(HEAP)
    Heap_Mem                                 0x200011e8   Data         512  startup_stm32f103x6.o(HEAP)
    STACK                                    0x200013e8   Section     1024  startup_stm32f103x6.o(STACK)
    Stack_Mem                                0x200013e8   Data        1024  startup_stm32f103x6.o(STACK)
    __initial_sp                             0x200017e8   Data           0  startup_stm32f103x6.o(STACK)

    Global Symbols

    Symbol Name                              Value     Ov Type        Size  Object(Section)

    BuildAttributes$$THM_ISAv4$P$D$K$B$S$PE$A:L22UL41UL21$X:L11$S22US41US21$IEEE1$IW$USESV6$~STKCKD$USESV7$~SHL$OTIME$ROPI$IEEEX$EBA8$UX$STANDARDLIB$REQ8$PRES8$EABIv2 0x00000000   Number         0  anon$$obj.o ABSOLUTE
    __ARM_use_no_argv                        0x00000000   Number         0  main.o ABSOLUTE
    __ARM_exceptions_init                     - Undefined Weak Reference
    __alloca_initialize                       - Undefined Weak Reference
    __arm_preinit_                            - Undefined Weak Reference
    __cpp_initialize__aeabi_                  - Undefined Weak Reference
    __cxa_finalize                            - Undefined Weak Reference
    __rt_locale                               - Undefined Weak Reference
    __sigvec_lookup                           - Undefined Weak Reference
    _atexit_init                              - Undefined Weak Reference
    _call_atexit_fns                          - Undefined Weak Reference
    _clock_init                               - Undefined Weak Reference
    _fp_trap_init                             - Undefined Weak Reference
    _fp_trap_shutdown                         - Undefined Weak Reference
    _get_lc_collate                           - Undefined Weak Reference
    _get_lc_ctype                             - Undefined Weak Reference
    _get_lc_monetary                          - Undefined Weak Reference
    _get_lc_numeric                           - Undefined Weak Reference
    _get_lc_time                              - Undefined Weak Reference
    _getenv_init                              - Undefined Weak Reference
    _handle_redirection                       - Undefined Weak Reference
    _init_alloc                               - Undefined Weak Reference
    _init_user_alloc                          - Undefined Weak Reference
    _initio                                   - Undefined Weak Reference
    _rand_init                                - Undefined Weak Reference
    _signal_finish                            - Undefined Weak Reference
    _signal_init                              - Undefined Weak Reference
    _terminate_alloc                          - Undefined Weak Reference
    _terminate_user_alloc                     - Undefined Weak Reference
    _terminateio                              - Undefined Weak Reference
    __Vectors_Size                           0x000000ec   Number         0  startup_stm32f103x6.o ABSOLUTE
    __Vectors                                0x08000000   Data           4  startup_stm32f103x6.o(RESET)
    __Vectors_End                            0x080000ec   Data           0  startup_stm32f103x6.o(RESET)
    __main                                   0x080000ed   Thumb Code     8  __main.o(!!!main)
    __scatterload                            0x080000f5   Thumb Code     0  __scatter.o(!!!scatter)
    __scatterload_rt2                        0x080000f5   Thumb Code    44  __scatter.o(!!!scatter)
    __scatterload_rt2_thumb_only             0x080000f5   Thumb Code     0  __scatter.o(!!!scatter)
    __scatterload_null                       0x08000103   Thumb Code     0  __scatter.o(!!!scatter)
    __scatterload_copy                       0x08000129   Thumb Code    26  __scatter_copy.o(!!handler_copy)
    __scatterload_zeroinit                   0x08000145   Thumb Code    28  __scatter_zi.o(!!handler_zi)
    __rt_lib_init                            0x08000161   Thumb Code     0  libinit.o(.ARM.Collect$$libinit$$00000000)
    __rt_lib_init_alloca_1                   0x08000163   Thumb Code     0  libinit2.o(.ARM.Collect$$libinit$$0000002E)
    __rt_lib_init_argv_1                     0x08000163   Thumb Code     0  libinit2.o(.ARM.Collect$$libinit$$0000002C)
    __rt_lib_init_atexit_1                   0x08000163   Thumb Code     0  libinit2.o(.ARM.Collect$$libinit$$0000001B)
    __rt_lib_init_clock_1                    0x08000163   Thumb Code     0  libinit2.o(.ARM.Collect$$libinit$$00000021)
    __rt_lib_init_cpp_1                      0x08000163   Thumb Code     0  libinit2.o(.ARM.Collect$$libinit$$00000032)
    __rt_lib_init_exceptions_1               0x08000163   Thumb Code     0  libinit2.o(.ARM.Collect$$libinit$$00000030)
    __rt_lib_init_fp_1                       0x08000163   Thumb Code     0  libinit2.o(.ARM.Collect$$libinit$$00000002)
    __rt_lib_init_fp_trap_1                  0x08000163   Thumb Code     0  libinit2.o(.ARM.Collect$$libinit$$0000001F)
    __rt_lib_init_getenv_1                   0x08000163   Thumb Code     0  libinit2.o(.ARM.Collect$$libinit$$00000023)
    __rt_lib_init_heap_1                     0x08000163   Thumb Code     0  libinit2.o(.ARM.Collect$$libinit$$0000000A)
    __rt_lib_init_lc_collate_1               0x08000163   Thumb Code     0  libinit2.o(.ARM.Collect$$libinit$$00000011)
    __rt_lib_init_lc_ctype_1                 0x08000163   Thumb Code     0  libinit2.o(.ARM.Collect$$libinit$$00000013)
    __rt_lib_init_lc_monetary_1              0x08000163   Thumb Code     0  libinit2.o(.ARM.Collect$$libinit$$00000015)
    __rt_lib_init_lc_numeric_1               0x08000163   Thumb Code     0  libinit2.o(.ARM.Collect$$libinit$$00000017)
    __rt_lib_init_lc_time_1                  0x08000163   Thumb Code     0  libinit2.o(.ARM.Collect$$libinit$$00000019)
    __rt_lib_init_preinit_1                  0x08000163   Thumb Code     0  libinit2.o(.ARM.Collect$$libinit$$00000004)
    __rt_lib_init_rand_1                     0x08000163   Thumb Code     0  libinit2.o(.ARM.Collect$$libinit$$0000000E)
    __rt_lib_init_return                     0x08000163   Thumb Code     0  libinit2.o(.ARM.Collect$$libinit$$00000033)
    __rt_lib_init_signal_1                   0x08000163   Thumb Code     0  libinit2.o(.ARM.Collect$$libinit$$0000001D)
    __rt_lib_init_stdio_1                    0x08000163   Thumb Code     0  libinit2.o(.ARM.Collect$$libinit$$00000025)
    __rt_lib_init_user_alloc_1               0x08000163   Thumb Code     0  libinit2.o(.ARM.Collect$$libinit$$0000000C)
    __rt_lib_shutdown                        0x08000165   Thumb Code     0  libshutdown.o(.ARM.Collect$$libshutdown$$00000000)
    __rt_lib_shutdown_cpp_1                  0x08000167   Thumb Code     0  libshutdown2.o(.ARM.Collect$$libshutdown$$00000002)
    __rt_lib_shutdown_fp_trap_1              0x08000167   Thumb Code     0  libshutdown2.o(.ARM.Collect$$libshutdown$$00000007)
    __rt_lib_shutdown_heap_1                 0x08000167   Thumb Code     0  libshutdown2.o(.ARM.Collect$$libshutdown$$0000000F)
    __rt_lib_shutdown_return                 0x08000167   Thumb Code     0  libshutdown2.o(.ARM.Collect$$libshutdown$$00000010)
    __rt_lib_shutdown_signal_1               0x08000167   Thumb Code     0  libshutdown2.o(.ARM.Collect$$libshutdown$$0000000A)
    __rt_lib_shutdown_stdio_1                0x08000167   Thumb Code     0  libshutdown2.o(.ARM.Collect$$libshutdown$$00000004)
    __rt_lib_shutdown_user_alloc_1           0x08000167   Thumb Code     0  libshutdown2.o(.ARM.Collect$$libshutdown$$0000000C)
    __rt_entry                               0x08000169   Thumb Code     0  __rtentry.o(.ARM.Collect$$rtentry$$00000000)
    __rt_entry_presh_1                       0x08000169   Thumb Code     0  __rtentry2.o(.ARM.Collect$$rtentry$$00000002)
    __rt_entry_sh                            0x08000169   Thumb Code     0  __rtentry4.o(.ARM.Collect$$rtentry$$00000004)
    __rt_entry_li                            0x0800016f   Thumb Code     0  __rtentry2.o(.ARM.Collect$$rtentry$$0000000A)
    __rt_entry_postsh_1                      0x0800016f   Thumb Code     0  __rtentry2.o(.ARM.Collect$$rtentry$$00000009)
    __rt_entry_main                          0x08000173   Thumb Code     0  __rtentry2.o(.ARM.Collect$$rtentry$$0000000D)
    __rt_entry_postli_1                      0x08000173   Thumb Code     0  __rtentry2.o(.ARM.Collect$$rtentry$$0000000C)
    __rt_exit                                0x0800017b   Thumb Code     0  rtexit.o(.ARM.Collect$$rtexit$$00000000)
    __rt_exit_ls                             0x0800017d   Thumb Code     0  rtexit2.o(.ARM.Collect$$rtexit$$00000003)
    __rt_exit_prels_1                        0x0800017d   Thumb Code     0  rtexit2.o(.ARM.Collect$$rtexit$$00000002)
    __rt_exit_exit                           0x08000181   Thumb Code     0  rtexit2.o(.ARM.Collect$$rtexit$$00000004)
    SVC_Handler                              0x08000189   Thumb Code    32  port.o(.emb_text)
    __asm___6_port_c_39a90d8d__prvStartFirstTask 0x080001ad   Thumb Code    28  port.o(.emb_text)
    PendSV_Handler                           0x080001cd   Thumb Code    72  port.o(.emb_text)
    vPortGetIPSR                             0x08000219   Thumb Code     6  port.o(.emb_text)
    Reset_Handler                            0x08000221   Thumb Code     8  startup_stm32f103x6.o(.text)
    ADC1_2_IRQHandler                        0x0800023b   Thumb Code     0  startup_stm32f103x6.o(.text)
    CAN1_RX1_IRQHandler                      0x0800023b   Thumb Code     0  startup_stm32f103x6.o(.text)
    CAN1_SCE_IRQHandler                      0x0800023b   Thumb Code     0  startup_stm32f103x6.o(.text)
    DMA1_Channel1_IRQHandler                 0x0800023b   Thumb Code     0  startup_stm32f103x6.o(.text)
    DMA1_Channel2_IRQHandler                 0x0800023b   Thumb Code     0  startup_stm32f103x6.o(.text)
    DMA1_Channel3_IRQHandler                 0x0800023b   Thumb Code     0  startup_stm32f103x6.o(.text)
    DMA1_Channel4_IRQHandler                 0x0800023b   Thumb Code     0  startup_stm32f103x6.o(.text)
    DMA1_Channel5_IRQHandler                 0x0800023b   Thumb Code     0  startup_stm32f103x6.o(.text)
    DMA1_Channel6_IRQHandler                 0x0800023b   Thumb Code     0  startup_stm32f103x6.o(.text)
    DMA1_Channel7_IRQHandler                 0x0800023b   Thumb Code     0  startup_stm32f103x6.o(.text)
    EXTI0_IRQHandler                         0x0800023b   Thumb Code     0  startup_stm32f103x6.o(.text)
    EXTI15_10_IRQHandler                     0x0800023b   Thumb Code     0  startup_stm32f103x6.o(.text)
    EXTI1_IRQHandler                         0x0800023b   Thumb Code     0  startup_stm32f103x6.o(.text)
    EXTI2_IRQHandler                         0x0800023b   Thumb Code     0  startup_stm32f103x6.o(.text)
    EXTI3_IRQHandler                         0x0800023b   Thumb Code     0  startup_stm32f103x6.o(.text)
    EXTI4_IRQHandler                         0x0800023b   Thumb Code     0  startup_stm32f103x6.o(.text)
    EXTI9_5_IRQHandler                       0x0800023b   Thumb Code     0  startup_stm32f103x6.o(.text)
    FLASH_IRQHandler                         0x0800023b   Thumb Code     0  startup_stm32f103x6.o(.text)
    I2C1_ER_IRQHandler                       0x0800023b   Thumb Code     0  startup_stm32f103x6.o(.text)
    I2C1_EV_IRQHandler                       0x0800023b   Thumb Code     0  startup_stm32f103x6.o(.text)
    PVD_IRQHandler                           0x0800023b   Thumb Code     0  startup_stm32f103x6.o(.text)
    RCC_IRQHandler                           0x0800023b   Thumb Code     0  startup_stm32f103x6.o(.text)
    RTC_Alarm_IRQHandler                     0x0800023b   Thumb Code     0  startup_stm32f103x6.o(.text)
    RTC_IRQHandler                           0x0800023b   Thumb Code     0  startup_stm32f103x6.o(.text)
    SPI1_IRQHandler                          0x0800023b   Thumb Code     0  startup_stm32f103x6.o(.text)
    TAMPER_IRQHandler                        0x0800023b   Thumb Code     0  startup_stm32f103x6.o(.text)
    TIM1_BRK_IRQHandler                      0x0800023b   Thumb Code     0  startup_stm32f103x6.o(.text)
    TIM1_CC_IRQHandler                       0x0800023b   Thumb Code     0  startup_stm32f103x6.o(.text)
    TIM1_TRG_COM_IRQHandler                  0x0800023b   Thumb Code     0  startup_stm32f103x6.o(.text)
    TIM2_IRQHandler                          0x0800023b   Thumb Code     0  startup_stm32f103x6.o(.text)
    TIM3_IRQHandler                          0x0800023b   Thumb Code     0  startup_stm32f103x6.o(.text)
    USART1_IRQHandler                        0x0800023b   Thumb Code     0  startup_stm32f103x6.o(.text)
    USART2_IRQHandler                        0x0800023b   Thumb Code     0  startup_stm32f103x6.o(.text)
    USBWakeUp_IRQHandler                     0x0800023b   Thumb Code     0  startup_stm32f103x6.o(.text)
    USB_HP_CAN1_TX_IRQHandler                0x0800023b   Thumb Code     0  startup_stm32f103x6.o(.text)
    USB_LP_CAN1_RX0_IRQHandler               0x0800023b   Thumb Code     0  startup_stm32f103x6.o(.text)
    WWDG_IRQHandler                          0x0800023b   Thumb Code     0  startup_stm32f103x6.o(.text)
    __user_initial_stackheap                 0x0800023d   Thumb Code     0  startup_stm32f103x6.o(.text)
    __aeabi_ldivmod                          0x08000261   Thumb Code     0  llsdiv.o(.text)
    _ll_sdiv                                 0x08000261   Thumb Code    72  llsdiv.o(.text)
    memcmp                                   0x080002a9   Thumb Code    88  memcmp.o(.text)
    __aeabi_memcpy4                          0x08000301   Thumb Code     0  rt_memcpy_w.o(.text)
    __aeabi_memcpy8                          0x08000301   Thumb Code     0  rt_memcpy_w.o(.text)
    __rt_memcpy_w                            0x08000301   Thumb Code   100  rt_memcpy_w.o(.text)
    _memcpy_lastbytes_aligned                0x08000349   Thumb Code     0  rt_memcpy_w.o(.text)
    __aeabi_memset                           0x08000365   Thumb Code    16  aeabi_memset.o(.text)
    __aeabi_memclr4                          0x08000375   Thumb Code     0  rt_memclr_w.o(.text)
    __aeabi_memclr8                          0x08000375   Thumb Code     0  rt_memclr_w.o(.text)
    __rt_memclr_w                            0x08000375   Thumb Code    78  rt_memclr_w.o(.text)
    _memset_w                                0x08000379   Thumb Code     0  rt_memclr_w.o(.text)
    __use_two_region_memory                  0x080003c3   Thumb Code     2  heapauxi.o(.text)
    __rt_heap_escrow$2region                 0x080003c5   Thumb Code     2  heapauxi.o(.text)
    __rt_heap_expand$2region                 0x080003c7   Thumb Code     2  heapauxi.o(.text)
    __aeabi_uldivmod                         0x080003c9   Thumb Code     0  lludivv7m.o(.text)
    _ll_udiv                                 0x080003c9   Thumb Code   238  lludivv7m.o(.text)
    __read_errno                             0x080004b7   Thumb Code    10  _rserrno.o(.text)
    __set_errno                              0x080004c1   Thumb Code    12  _rserrno.o(.text)
    __aeabi_memclr                           0x080004cd   Thumb Code     0  rt_memclr.o(.text)
    __rt_memclr                              0x080004cd   Thumb Code    68  rt_memclr.o(.text)
    _memset                                  0x080004d1   Thumb Code     0  rt_memclr.o(.text)
    __aeabi_errno_addr                       0x08000511   Thumb Code     8  rt_errno_addr_intlibspace.o(.text)
    __errno$intlibspace                      0x08000511   Thumb Code     0  rt_errno_addr_intlibspace.o(.text)
    __rt_errno_addr$intlibspace              0x08000511   Thumb Code     0  rt_errno_addr_intlibspace.o(.text)
    __user_libspace                          0x08000519   Thumb Code     8  libspace.o(.text)
    __user_perproc_libspace                  0x08000519   Thumb Code     0  libspace.o(.text)
    __user_perthread_libspace                0x08000519   Thumb Code     0  libspace.o(.text)
    __user_setup_stackheap                   0x08000521   Thumb Code    74  sys_stackheap_outer.o(.text)
    exit                                     0x0800056b   Thumb Code    18  exit.o(.text)
    _sys_exit                                0x0800057d   Thumb Code     8  sys_exit.o(.text)
    __I$use$semihosting                      0x08000589   Thumb Code     0  use_no_semi.o(.text)
    __use_no_semihosting_swi                 0x08000589   Thumb Code     2  use_no_semi.o(.text)
    BusFault_Handler                         0x0800058b   Thumb Code     2  stm32f1xx_it.o(i.BusFault_Handler)
    __semihosting_library_function           0x0800058b   Thumb Code     0  indicate_semi.o(.text)
    DebugMon_Handler                         0x0800058d   Thumb Code     2  stm32f1xx_it.o(i.DebugMon_Handler)
    Error_Handler                            0x0800058f   Thumb Code     4  main.o(i.Error_Handler)
    HAL_Delay                                0x08000595   Thumb Code    32  stm32f1xx_hal.o(i.HAL_Delay)
    HAL_GPIO_Init                            0x080005b9   Thumb Code   412  stm32f1xx_hal_gpio.o(i.HAL_GPIO_Init)
    HAL_GPIO_ReadPin                         0x08000771   Thumb Code    10  stm32f1xx_hal_gpio.o(i.HAL_GPIO_ReadPin)
    HAL_GPIO_WritePin                        0x0800077b   Thumb Code    10  stm32f1xx_hal_gpio.o(i.HAL_GPIO_WritePin)
    HAL_GetTick                              0x08000785   Thumb Code     6  stm32f1xx_hal.o(i.HAL_GetTick)
    HAL_I2C_Init                             0x08000791   Thumb Code   376  stm32f1xx_hal_i2c.o(i.HAL_I2C_Init)
    HAL_I2C_MspInit                          0x08000919   Thumb Code    80  i2c.o(i.HAL_I2C_MspInit)
    HAL_IncTick                              0x08000975   Thumb Code    12  stm32f1xx_hal.o(i.HAL_IncTick)
    HAL_Init                                 0x08000985   Thumb Code    32  stm32f1xx_hal.o(i.HAL_Init)
    HAL_InitTick                             0x080009a9   Thumb Code   118  stm32f1xx_hal_timebase_tim.o(i.HAL_InitTick)
    HAL_MspInit                              0x08000a35   Thumb Code    62  stm32f1xx_hal_msp.o(i.HAL_MspInit)
    HAL_NVIC_EnableIRQ                       0x08000a7d   Thumb Code    26  stm32f1xx_hal_cortex.o(i.HAL_NVIC_EnableIRQ)
    HAL_NVIC_SetPriority                     0x08000a99   Thumb Code    60  stm32f1xx_hal_cortex.o(i.HAL_NVIC_SetPriority)
    HAL_NVIC_SetPriorityGrouping             0x08000ad9   Thumb Code    26  stm32f1xx_hal_cortex.o(i.HAL_NVIC_SetPriorityGrouping)
    HAL_RCC_ClockConfig                      0x08000afd   Thumb Code   292  stm32f1xx_hal_rcc.o(i.HAL_RCC_ClockConfig)
    HAL_RCC_GetClockConfig                   0x08000c35   Thumb Code    54  stm32f1xx_hal_rcc.o(i.HAL_RCC_GetClockConfig)
    HAL_RCC_GetPCLK1Freq                     0x08000c75   Thumb Code    20  stm32f1xx_hal_rcc.o(i.HAL_RCC_GetPCLK1Freq)
    HAL_RCC_GetPCLK2Freq                     0x08000c95   Thumb Code    20  stm32f1xx_hal_rcc.o(i.HAL_RCC_GetPCLK2Freq)
    HAL_RCC_GetSysClockFreq                  0x08000cb5   Thumb Code    58  stm32f1xx_hal_rcc.o(i.HAL_RCC_GetSysClockFreq)
    HAL_RCC_OscConfig                        0x08000d01   Thumb Code   770  stm32f1xx_hal_rcc.o(i.HAL_RCC_OscConfig)
    HAL_TIMEx_BreakCallback                  0x08001019   Thumb Code     2  stm32f1xx_hal_tim_ex.o(i.HAL_TIMEx_BreakCallback)
    HAL_TIMEx_CommutCallback                 0x0800101b   Thumb Code     2  stm32f1xx_hal_tim_ex.o(i.HAL_TIMEx_CommutCallback)
    HAL_TIMEx_MasterConfigSynchronization    0x0800101d   Thumb Code    86  stm32f1xx_hal_tim_ex.o(i.HAL_TIMEx_MasterConfigSynchronization)
    HAL_TIM_Base_Init                        0x0800107d   Thumb Code    90  stm32f1xx_hal_tim.o(i.HAL_TIM_Base_Init)
    HAL_TIM_Base_MspInit                     0x080010d9   Thumb Code    52  tim.o(i.HAL_TIM_Base_MspInit)
    HAL_TIM_Base_Start_IT                    0x08001115   Thumb Code    70  stm32f1xx_hal_tim.o(i.HAL_TIM_Base_Start_IT)
    HAL_TIM_ConfigClockSource                0x08001165   Thumb Code   220  stm32f1xx_hal_tim.o(i.HAL_TIM_ConfigClockSource)
    HAL_TIM_IC_CaptureCallback               0x08001241   Thumb Code     2  stm32f1xx_hal_tim.o(i.HAL_TIM_IC_CaptureCallback)
    HAL_TIM_IRQHandler                       0x08001243   Thumb Code   304  stm32f1xx_hal_tim.o(i.HAL_TIM_IRQHandler)
    HAL_TIM_MspPostInit                      0x08001375   Thumb Code    88  tim.o(i.HAL_TIM_MspPostInit)
    HAL_TIM_OC_DelayElapsedCallback          0x080013d9   Thumb Code     2  stm32f1xx_hal_tim.o(i.HAL_TIM_OC_DelayElapsedCallback)
    HAL_TIM_PWM_ConfigChannel                0x080013db   Thumb Code   204  stm32f1xx_hal_tim.o(i.HAL_TIM_PWM_ConfigChannel)
    HAL_TIM_PWM_Init                         0x080014a7   Thumb Code    90  stm32f1xx_hal_tim.o(i.HAL_TIM_PWM_Init)
    HAL_TIM_PWM_MspInit                      0x08001501   Thumb Code     2  stm32f1xx_hal_tim.o(i.HAL_TIM_PWM_MspInit)
    HAL_TIM_PWM_PulseFinishedCallback        0x08001503   Thumb Code     2  stm32f1xx_hal_tim.o(i.HAL_TIM_PWM_PulseFinishedCallback)
    HAL_TIM_PWM_Start                        0x08001505   Thumb Code   142  stm32f1xx_hal_tim.o(i.HAL_TIM_PWM_Start)
    HAL_TIM_PeriodElapsedCallback            0x0800159d   Thumb Code    14  main.o(i.HAL_TIM_PeriodElapsedCallback)
    HAL_TIM_TriggerCallback                  0x080015b1   Thumb Code     2  stm32f1xx_hal_tim.o(i.HAL_TIM_TriggerCallback)
    HAL_UART_Init                            0x080015b3   Thumb Code   100  stm32f1xx_hal_uart.o(i.HAL_UART_Init)
    HAL_UART_MspInit                         0x08001619   Thumb Code   156  usart.o(i.HAL_UART_MspInit)
    HAL_UART_Receive                         0x080016c5   Thumb Code   176  stm32f1xx_hal_uart.o(i.HAL_UART_Receive)
    HardFault_Handler                        0x08001775   Thumb Code     2  stm32f1xx_it.o(i.HardFault_Handler)
    IIC_Ack                                  0x08001779   Thumb Code    60  iic.o(i.IIC_Ack)
    IIC_GPIO_Init                            0x080017c5   Thumb Code    50  iic.o(i.IIC_GPIO_Init)
    IIC_NAck                                 0x08001801   Thumb Code    50  iic.o(i.IIC_NAck)
    IIC_Read_Byte                            0x08001839   Thumb Code    84  iic.o(i.IIC_Read_Byte)
    IIC_Send_Byte                            0x08001891   Thumb Code    86  iic.o(i.IIC_Send_Byte)
    IIC_Start                                0x080018ed   Thumb Code    60  iic.o(i.IIC_Start)
    IIC_Stop                                 0x0800192d   Thumb Code    42  iic.o(i.IIC_Stop)
    IIC_Wait_Ack                             0x0800195d   Thumb Code    66  iic.o(i.IIC_Wait_Ack)
    MPU_Get_Accelerometer                    0x080019a5   Thumb Code    50  mpu6050.o(i.MPU_Get_Accelerometer)
    MPU_Get_Gyroscope                        0x080019d7   Thumb Code    50  mpu6050.o(i.MPU_Get_Gyroscope)
    MPU_Init                                 0x08001a09   Thumb Code   118  mpu6050.o(i.MPU_Init)
    MPU_Read_Byte                            0x08001a7f   Thumb Code    58  mpu6050.o(i.MPU_Read_Byte)
    MPU_Read_Len                             0x08001ab9   Thumb Code   106  mpu6050.o(i.MPU_Read_Len)
    MPU_Set_Accel_Fsr                        0x08001b23   Thumb Code    10  mpu6050.o(i.MPU_Set_Accel_Fsr)
    MPU_Set_Gyro_Fsr                         0x08001b2d   Thumb Code    10  mpu6050.o(i.MPU_Set_Gyro_Fsr)
    MPU_Set_LPF                              0x08001b37   Thumb Code    48  mpu6050.o(i.MPU_Set_LPF)
    MPU_Set_Rate                             0x08001b67   Thumb Code    46  mpu6050.o(i.MPU_Set_Rate)
    MPU_Write_Byte                           0x08001b95   Thumb Code    60  mpu6050.o(i.MPU_Write_Byte)
    MPU_Write_Len                            0x08001bd1   Thumb Code    82  mpu6050.o(i.MPU_Write_Len)
    MX_FREERTOS_Init                         0x08001c25   Thumb Code   162  freertos.o(i.MX_FREERTOS_Init)
    MX_GPIO_Init                             0x08001cd1   Thumb Code   118  gpio.o(i.MX_GPIO_Init)
    MX_I2C1_Init                             0x08001d51   Thumb Code    50  i2c.o(i.MX_I2C1_Init)
    MX_TIM2_Init                             0x08001d91   Thumb Code   166  tim.o(i.MX_TIM2_Init)
    MX_TIM3_Init                             0x08001e3d   Thumb Code   146  tim.o(i.MX_TIM3_Init)
    MX_USART1_UART_Init                      0x08001ed9   Thumb Code    48  usart.o(i.MX_USART1_UART_Init)
    MX_USART2_UART_Init                      0x08001f11   Thumb Code    48  usart.o(i.MX_USART2_UART_Init)
    MemManage_Handler                        0x08001f49   Thumb Code     2  stm32f1xx_it.o(i.MemManage_Handler)
    NMI_Handler                              0x08001f4b   Thumb Code     2  stm32f1xx_it.o(i.NMI_Handler)
    PID_Calc                                 0x08001f4d   Thumb Code   144  pid.o(i.PID_Calc)
    PID_Init                                 0x08001fdd   Thumb Code    16  pid.o(i.PID_Init)
    StartDefaultTask                         0x08001fed   Thumb Code     8  freertos.o(i.StartDefaultTask)
    SysTick_Handler                          0x08001ff5   Thumb Code    38  port.o(i.SysTick_Handler)
    SystemClock_Config                       0x08002021   Thumb Code    92  main.o(i.SystemClock_Config)
    SystemInit                               0x0800207d   Thumb Code     2  system_stm32f1xx.o(i.SystemInit)
    TIM1_UP_IRQHandler                       0x08002081   Thumb Code     6  stm32f1xx_it.o(i.TIM1_UP_IRQHandler)
    TIM_Base_SetConfig                       0x0800208d   Thumb Code    98  stm32f1xx_hal_tim.o(i.TIM_Base_SetConfig)
    TIM_CCxChannelCmd                        0x080020f9   Thumb Code    26  stm32f1xx_hal_tim.o(i.TIM_CCxChannelCmd)
    TIM_ETR_SetConfig                        0x08002113   Thumb Code    20  stm32f1xx_hal_tim.o(i.TIM_ETR_SetConfig)
    TIM_OC2_SetConfig                        0x08002191   Thumb Code    86  stm32f1xx_hal_tim.o(i.TIM_OC2_SetConfig)
    To_openMV_func                           0x080022d1   Thumb Code    74  freertos.o(i.To_openMV_func)
    UsageFault_Handler                       0x080024a1   Thumb Code     2  stm32f1xx_it.o(i.UsageFault_Handler)
    __ARM_fpclassify                         0x080024a3   Thumb Code    40  fpclassify.o(i.__ARM_fpclassify)
    __kernel_poly                            0x080024eb   Thumb Code   170  poly.o(i.__kernel_poly)
    __mathlib_dbl_infnan                     0x08002595   Thumb Code     6  dunder.o(i.__mathlib_dbl_infnan)
    __mathlib_dbl_infnan2                    0x0800259b   Thumb Code     4  dunder.o(i.__mathlib_dbl_infnan2)
    __mathlib_dbl_invalid                    0x0800259f   Thumb Code    12  dunder.o(i.__mathlib_dbl_invalid)
    __mathlib_dbl_underflow                  0x080025ad   Thumb Code    10  dunder.o(i.__mathlib_dbl_underflow)
    atan                                     0x08002639   Thumb Code   474  atan.o(i.atan)
    atan2                                    0x08002859   Thumb Code   346  atan2.o(i.atan2)
    calculate_angles                         0x080029d9   Thumb Code   362  dmp_self.o(i.calculate_angles)
    checker                                  0x08002b75   Thumb Code    64  freertos.o(i.checker)
    checker_forge                            0x08002bbd   Thumb Code    16  freertos.o(i.checker_forge)
    connect_read                             0x08002bd1   Thumb Code    82  freertos.o(i.connect_read)
    counter_func                             0x08002c31   Thumb Code   244  freertos.o(i.counter_func)
    dmp_enable_6x_lp_quat                    0x08002d3d   Thumb Code    58  inv_mpu_dmp_motion_driver.o(i.dmp_enable_6x_lp_quat)
    dmp_enable_feature                       0x08002d79   Thumb Code   468  inv_mpu_dmp_motion_driver.o(i.dmp_enable_feature)
    dmp_enable_gyro_cal                      0x08002f55   Thumb Code    32  inv_mpu_dmp_motion_driver.o(i.dmp_enable_gyro_cal)
    dmp_enable_lp_quat                       0x08002f8d   Thumb Code    58  inv_mpu_dmp_motion_driver.o(i.dmp_enable_lp_quat)
    dmp_load_motion_driver_firmware          0x08002fc9   Thumb Code    16  inv_mpu_dmp_motion_driver.o(i.dmp_load_motion_driver_firmware)
    dmp_set_accel_bias                       0x08002fdd   Thumb Code   210  inv_mpu_dmp_motion_driver.o(i.dmp_set_accel_bias)
    dmp_set_fifo_rate                        0x080030b5   Thumb Code    82  inv_mpu_dmp_motion_driver.o(i.dmp_set_fifo_rate)
    dmp_set_gyro_bias                        0x08003119   Thumb Code   196  inv_mpu_dmp_motion_driver.o(i.dmp_set_gyro_bias)
    dmp_set_orientation                      0x080031e5   Thumb Code   246  inv_mpu_dmp_motion_driver.o(i.dmp_set_orientation)
    dmp_set_shake_reject_thresh              0x080032f1   Thumb Code    48  inv_mpu_dmp_motion_driver.o(i.dmp_set_shake_reject_thresh)
    dmp_set_shake_reject_time                0x08003321   Thumb Code    32  inv_mpu_dmp_motion_driver.o(i.dmp_set_shake_reject_time)
    dmp_set_shake_reject_timeout             0x08003341   Thumb Code    32  inv_mpu_dmp_motion_driver.o(i.dmp_set_shake_reject_timeout)
    dmp_set_tap_axes                         0x08003361   Thumb Code    64  inv_mpu_dmp_motion_driver.o(i.dmp_set_tap_axes)
    dmp_set_tap_count                        0x080033a1   Thumb Code    34  inv_mpu_dmp_motion_driver.o(i.dmp_set_tap_count)
    dmp_set_tap_thresh                       0x080033c5   Thumb Code   274  inv_mpu_dmp_motion_driver.o(i.dmp_set_tap_thresh)
    dmp_set_tap_time                         0x080034ed   Thumb Code    32  inv_mpu_dmp_motion_driver.o(i.dmp_set_tap_time)
    dmp_set_tap_time_multi                   0x0800350d   Thumb Code    32  inv_mpu_dmp_motion_driver.o(i.dmp_set_tap_time_multi)
    ducted_motor_control                     0x0800352d   Thumb Code    62  freertos.o(i.ducted_motor_control)
    fmod                                     0x08003575   Thumb Code   144  fmod.o(i.fmod)
    gyroscope_read                           0x08003a9d   Thumb Code    54  freertos.o(i.gyroscope_read)
    inv_orientation_matrix_to_scalar         0x08003af1   Thumb Code    34  inv_mpu.o(i.inv_orientation_matrix_to_scalar)
    inv_row_2_scale                          0x08003b13   Thumb Code    72  inv_mpu.o(i.inv_row_2_scale)
    main                                     0x08003b5d   Thumb Code    74  main.o(i.main)
    mpu_configure_fifo                       0x08003bbd   Thumb Code    84  inv_mpu.o(i.mpu_configure_fifo)
    mpu_dmp_init                             0x08003c15   Thumb Code   158  inv_mpu.o(i.mpu_dmp_init)
    mpu_get_accel_fsr                        0x08003cb9   Thumb Code    54  inv_mpu.o(i.mpu_get_accel_fsr)
    mpu_get_accel_sens                       0x08003cf5   Thumb Code    62  inv_mpu.o(i.mpu_get_accel_sens)
    mpu_get_gyro_fsr                         0x08003d39   Thumb Code    48  inv_mpu.o(i.mpu_get_gyro_fsr)
    mpu_get_gyro_sens                        0x08003d6d   Thumb Code    44  inv_mpu.o(i.mpu_get_gyro_sens)
    mpu_get_lpf                              0x08003dad   Thumb Code    52  inv_mpu.o(i.mpu_get_lpf)
    mpu_get_sample_rate                      0x08003de5   Thumb Code    22  inv_mpu.o(i.mpu_get_sample_rate)
    mpu_init                                 0x08003e01   Thumb Code   288  inv_mpu.o(i.mpu_init)
    mpu_load_firmware                        0x08003f25   Thumb Code   158  inv_mpu.o(i.mpu_load_firmware)
    mpu_lp_accel_mode                        0x08003fc9   Thumb Code   178  inv_mpu.o(i.mpu_lp_accel_mode)
    mpu_read_mem                             0x08004081   Thumb Code    80  inv_mpu.o(i.mpu_read_mem)
    mpu_reset_fifo                           0x080040d5   Thumb Code   344  inv_mpu.o(i.mpu_reset_fifo)
    mpu_run_self_test                        0x08004231   Thumb Code   234  inv_mpu.o(i.mpu_run_self_test)
    mpu_set_accel_fsr                        0x08004321   Thumb Code    98  inv_mpu.o(i.mpu_set_accel_fsr)
    mpu_set_bypass                           0x08004389   Thumb Code   214  inv_mpu.o(i.mpu_set_bypass)
    mpu_set_dmp_state                        0x08004465   Thumb Code   114  inv_mpu.o(i.mpu_set_dmp_state)
    mpu_set_gyro_fsr                         0x080044dd   Thumb Code   104  inv_mpu.o(i.mpu_set_gyro_fsr)
    mpu_set_int_latched                      0x08004549   Thumb Code    94  inv_mpu.o(i.mpu_set_int_latched)
    mpu_set_lpf                              0x080045ad   Thumb Code   102  inv_mpu.o(i.mpu_set_lpf)
    mpu_set_sample_rate                      0x08004619   Thumb Code   116  inv_mpu.o(i.mpu_set_sample_rate)
    mpu_set_sensors                          0x08004691   Thumb Code   178  inv_mpu.o(i.mpu_set_sensors)
    mpu_write_mem                            0x08004749   Thumb Code    80  inv_mpu.o(i.mpu_write_mem)
    osDelay                                  0x0800479d   Thumb Code    14  cmsis_os.o(i.osDelay)
    osKernelStart                            0x080047ab   Thumb Code    10  cmsis_os.o(i.osKernelStart)
    osThreadCreate                           0x080047b5   Thumb Code    84  cmsis_os.o(i.osThreadCreate)
    pvPortMalloc                             0x08004b51   Thumb Code   216  heap_4.o(i.pvPortMalloc)
    pxPortInitialiseStack                    0x08004c2d   Thumb Code    32  port.o(i.pxPortInitialiseStack)
    run_self_test                            0x08004c51   Thumb Code   128  inv_mpu.o(i.run_self_test)
    servo_motor_control                      0x08004cd1   Thumb Code    90  freertos.o(i.servo_motor_control)
    sqrt                                     0x08004d91   Thumb Code    76  sqrt.o(i.sqrt)
    uxListRemove                             0x08004ddd   Thumb Code    38  list.o(i.uxListRemove)
    vApplicationGetIdleTaskMemory            0x08004e05   Thumb Code    16  freertos.o(i.vApplicationGetIdleTaskMemory)
    vListInitialise                          0x08004e19   Thumb Code    22  list.o(i.vListInitialise)
    vListInitialiseItem                      0x08004e2f   Thumb Code     6  list.o(i.vListInitialiseItem)
    vListInsert                              0x08004e35   Thumb Code    48  list.o(i.vListInsert)
    vListInsertEnd                           0x08004e65   Thumb Code    24  list.o(i.vListInsertEnd)
    vPortEnterCritical                       0x08004e7d   Thumb Code    54  port.o(i.vPortEnterCritical)
    vPortExitCritical                        0x08004ebd   Thumb Code    34  port.o(i.vPortExitCritical)
    vPortFree                                0x08004ee5   Thumb Code    94  heap_4.o(i.vPortFree)
    vPortSetupTimerInterrupt                 0x08004f49   Thumb Code    32  port.o(i.vPortSetupTimerInterrupt)
    vTaskDelay                               0x08004f6d   Thumb Code    66  tasks.o(i.vTaskDelay)
    vTaskStartScheduler                      0x08004fb9   Thumb Code    90  tasks.o(i.vTaskStartScheduler)
    vTaskSuspendAll                          0x08005025   Thumb Code    10  tasks.o(i.vTaskSuspendAll)
    vTaskSwitchContext                       0x08005035   Thumb Code    82  tasks.o(i.vTaskSwitchContext)
    xPortStartScheduler                      0x08005091   Thumb Code   156  port.o(i.xPortStartScheduler)
    xTaskCreate                              0x08005139   Thumb Code    90  tasks.o(i.xTaskCreate)
    xTaskCreateStatic                        0x08005193   Thumb Code    90  tasks.o(i.xTaskCreateStatic)
    xTaskIncrementTick                       0x080051ed   Thumb Code   194  tasks.o(i.xTaskIncrementTick)
    xTaskResumeAll                           0x080052b9   Thumb Code   182  tasks.o(i.xTaskResumeAll)
    __aeabi_d2f                              0x0800537d   Thumb Code     0  d2f.o(x$fpl$d2f)
    _d2f                                     0x0800537d   Thumb Code    98  d2f.o(x$fpl$d2f)
    __aeabi_dadd                             0x080053e1   Thumb Code     0  daddsub_clz.o(x$fpl$dadd)
    _dadd                                    0x080053e1   Thumb Code   332  daddsub_clz.o(x$fpl$dadd)
    __fpl_dcheck_NaN1                        0x08005531   Thumb Code    10  dcheck1.o(x$fpl$dcheck1)
    __aeabi_ddiv                             0x08005541   Thumb Code     0  ddiv.o(x$fpl$ddiv)
    _ddiv                                    0x08005541   Thumb Code   552  ddiv.o(x$fpl$ddiv)
    __aeabi_dmul                             0x080057f1   Thumb Code     0  dmul.o(x$fpl$dmul)
    _dmul                                    0x080057f1   Thumb Code   332  dmul.o(x$fpl$dmul)
    __fpl_dnaninf                            0x08005945   Thumb Code   156  dnaninf.o(x$fpl$dnaninf)
    _drem                                    0x080059e1   Thumb Code   328  drem_clz.o(x$fpl$drem)
    __fpl_dretinf                            0x08005b31   Thumb Code    12  dretinf.o(x$fpl$dretinf)
    __aeabi_drsub                            0x08005b3d   Thumb Code     0  daddsub_clz.o(x$fpl$drsb)
    _drsb                                    0x08005b3d   Thumb Code    22  daddsub_clz.o(x$fpl$drsb)
    _dsqrt                                   0x08005b55   Thumb Code   456  dsqrt_noumaal.o(x$fpl$dsqrt)
    __aeabi_dsub                             0x08005d21   Thumb Code     0  daddsub_clz.o(x$fpl$dsub)
    _dsub                                    0x08005d21   Thumb Code   464  daddsub_clz.o(x$fpl$dsub)
    __aeabi_f2d                              0x08005ef5   Thumb Code     0  f2d.o(x$fpl$f2d)
    _f2d                                     0x08005ef5   Thumb Code    86  f2d.o(x$fpl$f2d)
    __aeabi_fadd                             0x08005f4d   Thumb Code     0  faddsub_clz.o(x$fpl$fadd)
    _fadd                                    0x08005f4d   Thumb Code   196  faddsub_clz.o(x$fpl$fadd)
    __fpl_fcheck_NaN1                        0x08006011   Thumb Code     6  fcheck1.o(x$fpl$fcheck1)
    __fpl_fcmp_Inf                           0x0800601d   Thumb Code    24  fcmpi.o(x$fpl$fcmpinf)
    __aeabi_fdiv                             0x08006035   Thumb Code     0  fdiv.o(x$fpl$fdiv)
    _fdiv                                    0x08006035   Thumb Code   384  fdiv.o(x$fpl$fdiv)
    __aeabi_f2iz                             0x080061b9   Thumb Code     0  ffix.o(x$fpl$ffix)
    _ffix                                    0x080061b9   Thumb Code    54  ffix.o(x$fpl$ffix)
    __aeabi_f2uiz                            0x080061f1   Thumb Code     0  ffixu.o(x$fpl$ffixu)
    _ffixu                                   0x080061f1   Thumb Code    62  ffixu.o(x$fpl$ffixu)
    __aeabi_i2f                              0x08006231   Thumb Code     0  fflt_clz.o(x$fpl$fflt)
    _fflt                                    0x08006231   Thumb Code    48  fflt_clz.o(x$fpl$fflt)
    __aeabi_ui2f                             0x08006261   Thumb Code     0  fflt_clz.o(x$fpl$ffltu)
    _ffltu                                   0x08006261   Thumb Code    38  fflt_clz.o(x$fpl$ffltu)
    __aeabi_cfcmple                          0x08006289   Thumb Code     0  fleqf.o(x$fpl$fleqf)
    _fcmple                                  0x08006289   Thumb Code   104  fleqf.o(x$fpl$fleqf)
    __fpl_fcmple_InfNaN                      0x080062db   Thumb Code     0  fleqf.o(x$fpl$fleqf)
    __aeabi_fmul                             0x080062f1   Thumb Code     0  fmul.o(x$fpl$fmul)
    _fmul                                    0x080062f1   Thumb Code   258  fmul.o(x$fpl$fmul)
    __fpl_fnaninf                            0x080063f3   Thumb Code   140  fnaninf.o(x$fpl$fnaninf)
    __fpl_fretinf                            0x0800647f   Thumb Code    10  fretinf.o(x$fpl$fretinf)
    __aeabi_cfrcmple                         0x08006489   Thumb Code     0  frleqf.o(x$fpl$frleqf)
    _frcmple                                 0x08006489   Thumb Code    98  frleqf.o(x$fpl$frleqf)
    __aeabi_fsub                             0x080064ed   Thumb Code     0  faddsub_clz.o(x$fpl$fsub)
    _fsub                                    0x080064ed   Thumb Code   234  faddsub_clz.o(x$fpl$fsub)
    __fpl_return_NaN                         0x080065d7   Thumb Code   100  retnan.o(x$fpl$retnan)
    __ARM_scalbn                             0x0800663b   Thumb Code    92  scalbn.o(x$fpl$scalbn)
    __ARM_scalbnf                            0x08006697   Thumb Code    76  scalbnf.o(x$fpl$scalbnf)
    __fpl_cmpreturn                          0x080066e3   Thumb Code    48  trapv.o(x$fpl$trapveneer)
    __I$use$fp                               0x08006712   Number         0  usenofp.o(x$fpl$usenofp)
    reg                                      0x08006712   Data          27  inv_mpu.o(.constdata)
    hw                                       0x0800672e   Data          12  inv_mpu.o(.constdata)
    test                                     0x0800673c   Data          40  inv_mpu.o(.constdata)
    AHBPrescTable                            0x08007432   Data          16  system_stm32f1xx.o(.constdata)
    APBPrescTable                            0x08007442   Data           8  system_stm32f1xx.o(.constdata)
    __mathlib_zero                           0x080074e8   Data           8  qnan.o(.constdata)
    Region$$Table$$Base                      0x08007544   Number         0  anon$$obj.o(Region$$Table)
    Region$$Table$$Limit                     0x08007564   Number         0  anon$$obj.o(Region$$Table)
    aacx                                     0x20000038   Data           2  dmp_self.o(.data)
    aacy                                     0x2000003a   Data           2  dmp_self.o(.data)
    aacz                                     0x2000003c   Data           2  dmp_self.o(.data)
    gyroz                                    0x2000003e   Data           2  dmp_self.o(.data)
    pitch                                    0x20000040   Data           4  dmp_self.o(.data)
    roll                                     0x20000044   Data           4  dmp_self.o(.data)
    yaw                                      0x20000048   Data           4  dmp_self.o(.data)
    gyrox                                    0x20000054   Data           2  dmp_self.o(.data)
    gyroy                                    0x20000056   Data           2  dmp_self.o(.data)
    defaultTaskHandle                        0x20000084   Data           4  freertos.o(.data)
    ducted_motorHandle                       0x20000088   Data           4  freertos.o(.data)
    gyroscopeHandle                          0x2000008c   Data           4  freertos.o(.data)
    servo_motorHandle                        0x20000090   Data           4  freertos.o(.data)
    connecterHandle                          0x20000094   Data           4  freertos.o(.data)
    counterHandle                            0x20000098   Data           4  freertos.o(.data)
    To_openMVHandle                          0x2000009c   Data           4  freertos.o(.data)
    uwTickFreq                               0x200000a0   Data           1  stm32f1xx_hal.o(.data)
    uwTickPrio                               0x200000a4   Data           4  stm32f1xx_hal.o(.data)
    uwTick                                   0x200000a8   Data           4  stm32f1xx_hal.o(.data)
    SystemCoreClock                          0x200000ac   Data           4  system_stm32f1xx.o(.data)
    pxCurrentTCB                             0x200000b0   Data           4  tasks.o(.data)
    survePID                                 0x200002b8   Data          36  freertos.o(.bss)
    hi2c1                                    0x200002dc   Data          84  i2c.o(.bss)
    htim2                                    0x20000330   Data          72  tim.o(.bss)
    htim3                                    0x20000378   Data          72  tim.o(.bss)
    huart1                                   0x200003c0   Data          72  usart.o(.bss)
    huart2                                   0x20000408   Data          72  usart.o(.bss)
    htim1                                    0x20000450   Data          72  stm32f1xx_hal_timebase_tim.o(.bss)
    __libspace_start                         0x20001188   Data          96  libspace.o(.bss)
    __temporary_stack_top$libspace           0x200011e8   Data           0  libspace.o(.bss)



==============================================================================

Memory Map of the image

  Image Entry point : 0x080000ed

  Load Region LR_IROM1 (Base: 0x08000000, Size: 0x0000767c, Max: 0x00008000, ABSOLUTE)

    Execution Region ER_IROM1 (Base: 0x08000000, Size: 0x00007564, Max: 0x00008000, ABSOLUTE)

    Base Addr    Size         Type   Attr      Idx    E Section Name        Object

    0x08000000   0x000000ec   Data   RO            3    RESET               startup_stm32f103x6.o
    0x080000ec   0x00000008   Code   RO         5516  * !!!main             c_w.l(__main.o)
    0x080000f4   0x00000034   Code   RO         5840    !!!scatter          c_w.l(__scatter.o)
    0x08000128   0x0000001a   Code   RO         5842    !!handler_copy      c_w.l(__scatter_copy.o)
    0x08000142   0x00000002   PAD
    0x08000144   0x0000001c   Code   RO         5844    !!handler_zi        c_w.l(__scatter_zi.o)
    0x08000160   0x00000002   Code   RO         5707    .ARM.Collect$$libinit$$00000000  c_w.l(libinit.o)
    0x08000162   0x00000000   Code   RO         5717    .ARM.Collect$$libinit$$00000002  c_w.l(libinit2.o)
    0x08000162   0x00000000   Code   RO         5719    .ARM.Collect$$libinit$$00000004  c_w.l(libinit2.o)
    0x08000162   0x00000000   Code   RO         5722    .ARM.Collect$$libinit$$0000000A  c_w.l(libinit2.o)
    0x08000162   0x00000000   Code   RO         5724    .ARM.Collect$$libinit$$0000000C  c_w.l(libinit2.o)
    0x08000162   0x00000000   Code   RO         5726    .ARM.Collect$$libinit$$0000000E  c_w.l(libinit2.o)
    0x08000162   0x00000000   Code   RO         5729    .ARM.Collect$$libinit$$00000011  c_w.l(libinit2.o)
    0x08000162   0x00000000   Code   RO         5731    .ARM.Collect$$libinit$$00000013  c_w.l(libinit2.o)
    0x08000162   0x00000000   Code   RO         5733    .ARM.Collect$$libinit$$00000015  c_w.l(libinit2.o)
    0x08000162   0x00000000   Code   RO         5735    .ARM.Collect$$libinit$$00000017  c_w.l(libinit2.o)
    0x08000162   0x00000000   Code   RO         5737    .ARM.Collect$$libinit$$00000019  c_w.l(libinit2.o)
    0x08000162   0x00000000   Code   RO         5739    .ARM.Collect$$libinit$$0000001B  c_w.l(libinit2.o)
    0x08000162   0x00000000   Code   RO         5741    .ARM.Collect$$libinit$$0000001D  c_w.l(libinit2.o)
    0x08000162   0x00000000   Code   RO         5743    .ARM.Collect$$libinit$$0000001F  c_w.l(libinit2.o)
    0x08000162   0x00000000   Code   RO         5745    .ARM.Collect$$libinit$$00000021  c_w.l(libinit2.o)
    0x08000162   0x00000000   Code   RO         5747    .ARM.Collect$$libinit$$00000023  c_w.l(libinit2.o)
    0x08000162   0x00000000   Code   RO         5749    .ARM.Collect$$libinit$$00000025  c_w.l(libinit2.o)
    0x08000162   0x00000000   Code   RO         5753    .ARM.Collect$$libinit$$0000002C  c_w.l(libinit2.o)
    0x08000162   0x00000000   Code   RO         5755    .ARM.Collect$$libinit$$0000002E  c_w.l(libinit2.o)
    0x08000162   0x00000000   Code   RO         5757    .ARM.Collect$$libinit$$00000030  c_w.l(libinit2.o)
    0x08000162   0x00000000   Code   RO         5759    .ARM.Collect$$libinit$$00000032  c_w.l(libinit2.o)
    0x08000162   0x00000002   Code   RO         5760    .ARM.Collect$$libinit$$00000033  c_w.l(libinit2.o)
    0x08000164   0x00000002   Code   RO         5790    .ARM.Collect$$libshutdown$$00000000  c_w.l(libshutdown.o)
    0x08000166   0x00000000   Code   RO         5807    .ARM.Collect$$libshutdown$$00000002  c_w.l(libshutdown2.o)
    0x08000166   0x00000000   Code   RO         5809    .ARM.Collect$$libshutdown$$00000004  c_w.l(libshutdown2.o)
    0x08000166   0x00000000   Code   RO         5812    .ARM.Collect$$libshutdown$$00000007  c_w.l(libshutdown2.o)
    0x08000166   0x00000000   Code   RO         5815    .ARM.Collect$$libshutdown$$0000000A  c_w.l(libshutdown2.o)
    0x08000166   0x00000000   Code   RO         5817    .ARM.Collect$$libshutdown$$0000000C  c_w.l(libshutdown2.o)
    0x08000166   0x00000000   Code   RO         5820    .ARM.Collect$$libshutdown$$0000000F  c_w.l(libshutdown2.o)
    0x08000166   0x00000002   Code   RO         5821    .ARM.Collect$$libshutdown$$00000010  c_w.l(libshutdown2.o)
    0x08000168   0x00000000   Code   RO         5604    .ARM.Collect$$rtentry$$00000000  c_w.l(__rtentry.o)
    0x08000168   0x00000000   Code   RO         5662    .ARM.Collect$$rtentry$$00000002  c_w.l(__rtentry2.o)
    0x08000168   0x00000006   Code   RO         5674    .ARM.Collect$$rtentry$$00000004  c_w.l(__rtentry4.o)
    0x0800016e   0x00000000   Code   RO         5664    .ARM.Collect$$rtentry$$00000009  c_w.l(__rtentry2.o)
    0x0800016e   0x00000004   Code   RO         5665    .ARM.Collect$$rtentry$$0000000A  c_w.l(__rtentry2.o)
    0x08000172   0x00000000   Code   RO         5667    .ARM.Collect$$rtentry$$0000000C  c_w.l(__rtentry2.o)
    0x08000172   0x00000008   Code   RO         5668    .ARM.Collect$$rtentry$$0000000D  c_w.l(__rtentry2.o)
    0x0800017a   0x00000002   Code   RO         5710    .ARM.Collect$$rtexit$$00000000  c_w.l(rtexit.o)
    0x0800017c   0x00000000   Code   RO         5762    .ARM.Collect$$rtexit$$00000002  c_w.l(rtexit2.o)
    0x0800017c   0x00000004   Code   RO         5763    .ARM.Collect$$rtexit$$00000003  c_w.l(rtexit2.o)
    0x08000180   0x00000006   Code   RO         5764    .ARM.Collect$$rtexit$$00000004  c_w.l(rtexit2.o)
    0x08000186   0x00000002   PAD
    0x08000188   0x00000096   Code   RO         5419    .emb_text           port.o
    0x0800021e   0x00000002   PAD
    0x08000220   0x00000040   Code   RO            4    .text               startup_stm32f103x6.o
    0x08000260   0x00000048   Code   RO         5500    .text               c_w.l(llsdiv.o)
    0x080002a8   0x00000058   Code   RO         5502    .text               c_w.l(memcmp.o)
    0x08000300   0x00000064   Code   RO         5506    .text               c_w.l(rt_memcpy_w.o)
    0x08000364   0x00000010   Code   RO         5510    .text               c_w.l(aeabi_memset.o)
    0x08000374   0x0000004e   Code   RO         5512    .text               c_w.l(rt_memclr_w.o)
    0x080003c2   0x00000006   Code   RO         5514    .text               c_w.l(heapauxi.o)
    0x080003c8   0x000000ee   Code   RO         5605    .text               c_w.l(lludivv7m.o)
    0x080004b6   0x00000016   Code   RO         5607    .text               c_w.l(_rserrno.o)
    0x080004cc   0x00000044   Code   RO         5609    .text               c_w.l(rt_memclr.o)
    0x08000510   0x00000008   Code   RO         5683    .text               c_w.l(rt_errno_addr_intlibspace.o)
    0x08000518   0x00000008   Code   RO         5693    .text               c_w.l(libspace.o)
    0x08000520   0x0000004a   Code   RO         5696    .text               c_w.l(sys_stackheap_outer.o)
    0x0800056a   0x00000012   Code   RO         5700    .text               c_w.l(exit.o)
    0x0800057c   0x0000000c   Code   RO         5778    .text               c_w.l(sys_exit.o)
    0x08000588   0x00000002   Code   RO         5795    .text               c_w.l(use_no_semi.o)
    0x0800058a   0x00000000   Code   RO         5797    .text               c_w.l(indicate_semi.o)
    0x0800058a   0x00000002   Code   RO         1240    i.BusFault_Handler  stm32f1xx_it.o
    0x0800058c   0x00000002   Code   RO         1241    i.DebugMon_Handler  stm32f1xx_it.o
    0x0800058e   0x00000004   Code   RO          843    i.Error_Handler     main.o
    0x08000592   0x00000002   PAD
    0x08000594   0x00000024   Code   RO         1431    i.HAL_Delay         stm32f1xx_hal.o
    0x080005b8   0x000001b8   Code   RO         1741    i.HAL_GPIO_Init     stm32f1xx_hal_gpio.o
    0x08000770   0x0000000a   Code   RO         1743    i.HAL_GPIO_ReadPin  stm32f1xx_hal_gpio.o
    0x0800077a   0x0000000a   Code   RO         1745    i.HAL_GPIO_WritePin  stm32f1xx_hal_gpio.o
    0x08000784   0x0000000c   Code   RO         1435    i.HAL_GetTick       stm32f1xx_hal.o
    0x08000790   0x00000188   Code   RO         2402    i.HAL_I2C_Init      stm32f1xx_hal_i2c.o
    0x08000918   0x0000005c   Code   RO         1097    i.HAL_I2C_MspInit   i2c.o
    0x08000974   0x00000010   Code   RO         1441    i.HAL_IncTick       stm32f1xx_hal.o
    0x08000984   0x00000024   Code   RO         1442    i.HAL_Init          stm32f1xx_hal.o
    0x080009a8   0x0000008c   Code   RO         1328    i.HAL_InitTick      stm32f1xx_hal_timebase_tim.o
    0x08000a34   0x00000048   Code   RO         1304    i.HAL_MspInit       stm32f1xx_hal_msp.o
    0x08000a7c   0x0000001a   Code   RO         1901    i.HAL_NVIC_EnableIRQ  stm32f1xx_hal_cortex.o
    0x08000a96   0x00000002   PAD
    0x08000a98   0x00000040   Code   RO         1907    i.HAL_NVIC_SetPriority  stm32f1xx_hal_cortex.o
    0x08000ad8   0x00000024   Code   RO         1908    i.HAL_NVIC_SetPriorityGrouping  stm32f1xx_hal_cortex.o
    0x08000afc   0x00000138   Code   RO         1599    i.HAL_RCC_ClockConfig  stm32f1xx_hal_rcc.o
    0x08000c34   0x00000040   Code   RO         1603    i.HAL_RCC_GetClockConfig  stm32f1xx_hal_rcc.o
    0x08000c74   0x00000020   Code   RO         1606    i.HAL_RCC_GetPCLK1Freq  stm32f1xx_hal_rcc.o
    0x08000c94   0x00000020   Code   RO         1607    i.HAL_RCC_GetPCLK2Freq  stm32f1xx_hal_rcc.o
    0x08000cb4   0x0000004c   Code   RO         1608    i.HAL_RCC_GetSysClockFreq  stm32f1xx_hal_rcc.o
    0x08000d00   0x00000318   Code   RO         1611    i.HAL_RCC_OscConfig  stm32f1xx_hal_rcc.o
    0x08001018   0x00000002   Code   RO         3534    i.HAL_TIMEx_BreakCallback  stm32f1xx_hal_tim_ex.o
    0x0800101a   0x00000002   Code   RO         3535    i.HAL_TIMEx_CommutCallback  stm32f1xx_hal_tim_ex.o
    0x0800101c   0x00000060   Code   RO         3553    i.HAL_TIMEx_MasterConfigSynchronization  stm32f1xx_hal_tim_ex.o
    0x0800107c   0x0000005a   Code   RO         2830    i.HAL_TIM_Base_Init  stm32f1xx_hal_tim.o
    0x080010d6   0x00000002   PAD
    0x080010d8   0x0000003c   Code   RO         1139    i.HAL_TIM_Base_MspInit  tim.o
    0x08001114   0x00000050   Code   RO         2835    i.HAL_TIM_Base_Start_IT  stm32f1xx_hal_tim.o
    0x08001164   0x000000dc   Code   RO         2839    i.HAL_TIM_ConfigClockSource  stm32f1xx_hal_tim.o
    0x08001240   0x00000002   Code   RO         2864    i.HAL_TIM_IC_CaptureCallback  stm32f1xx_hal_tim.o
    0x08001242   0x00000130   Code   RO         2878    i.HAL_TIM_IRQHandler  stm32f1xx_hal_tim.o
    0x08001372   0x00000002   PAD
    0x08001374   0x00000064   Code   RO         1140    i.HAL_TIM_MspPostInit  tim.o
    0x080013d8   0x00000002   Code   RO         2881    i.HAL_TIM_OC_DelayElapsedCallback  stm32f1xx_hal_tim.o
    0x080013da   0x000000cc   Code   RO         2902    i.HAL_TIM_PWM_ConfigChannel  stm32f1xx_hal_tim.o
    0x080014a6   0x0000005a   Code   RO         2905    i.HAL_TIM_PWM_Init  stm32f1xx_hal_tim.o
    0x08001500   0x00000002   Code   RO         2907    i.HAL_TIM_PWM_MspInit  stm32f1xx_hal_tim.o
    0x08001502   0x00000002   Code   RO         2908    i.HAL_TIM_PWM_PulseFinishedCallback  stm32f1xx_hal_tim.o
    0x08001504   0x00000098   Code   RO         2910    i.HAL_TIM_PWM_Start  stm32f1xx_hal_tim.o
    0x0800159c   0x00000014   Code   RO          844    i.HAL_TIM_PeriodElapsedCallback  main.o
    0x080015b0   0x00000002   Code   RO         2921    i.HAL_TIM_TriggerCallback  stm32f1xx_hal_tim.o
    0x080015b2   0x00000064   Code   RO         3831    i.HAL_UART_Init     stm32f1xx_hal_uart.o
    0x08001616   0x00000002   PAD
    0x08001618   0x000000ac   Code   RO         1193    i.HAL_UART_MspInit  usart.o
    0x080016c4   0x000000b0   Code   RO         3834    i.HAL_UART_Receive  stm32f1xx_hal_uart.o
    0x08001774   0x00000002   Code   RO         1242    i.HardFault_Handler  stm32f1xx_it.o
    0x08001776   0x00000002   PAD
    0x08001778   0x00000040   Code   RO           13    i.IIC_Ack           iic.o
    0x080017b8   0x0000000c   Code   RO           15    i.IIC_Delay         iic.o
    0x080017c4   0x0000003c   Code   RO           16    i.IIC_GPIO_Init     iic.o
    0x08001800   0x00000038   Code   RO           17    i.IIC_NAck          iic.o
    0x08001838   0x00000058   Code   RO           18    i.IIC_Read_Byte     iic.o
    0x08001890   0x0000005c   Code   RO           19    i.IIC_Send_Byte     iic.o
    0x080018ec   0x00000040   Code   RO           20    i.IIC_Start         iic.o
    0x0800192c   0x00000030   Code   RO           21    i.IIC_Stop          iic.o
    0x0800195c   0x00000048   Code   RO           22    i.IIC_Wait_Ack      iic.o
    0x080019a4   0x00000032   Code   RO          733    i.MPU_Get_Accelerometer  mpu6050.o
    0x080019d6   0x00000032   Code   RO          734    i.MPU_Get_Gyroscope  mpu6050.o
    0x08001a08   0x00000076   Code   RO          736    i.MPU_Init          mpu6050.o
    0x08001a7e   0x0000003a   Code   RO          737    i.MPU_Read_Byte     mpu6050.o
    0x08001ab8   0x0000006a   Code   RO          738    i.MPU_Read_Len      mpu6050.o
    0x08001b22   0x0000000a   Code   RO          739    i.MPU_Set_Accel_Fsr  mpu6050.o
    0x08001b2c   0x0000000a   Code   RO          740    i.MPU_Set_Gyro_Fsr  mpu6050.o
    0x08001b36   0x00000030   Code   RO          741    i.MPU_Set_LPF       mpu6050.o
    0x08001b66   0x0000002e   Code   RO          742    i.MPU_Set_Rate      mpu6050.o
    0x08001b94   0x0000003c   Code   RO          743    i.MPU_Write_Byte    mpu6050.o
    0x08001bd0   0x00000052   Code   RO          744    i.MPU_Write_Len     mpu6050.o
    0x08001c22   0x00000002   PAD
    0x08001c24   0x000000ac   Code   RO          989    i.MX_FREERTOS_Init  freertos.o
    0x08001cd0   0x00000080   Code   RO          965    i.MX_GPIO_Init      gpio.o
    0x08001d50   0x00000040   Code   RO         1098    i.MX_I2C1_Init      i2c.o
    0x08001d90   0x000000ac   Code   RO         1141    i.MX_TIM2_Init      tim.o
    0x08001e3c   0x0000009c   Code   RO         1142    i.MX_TIM3_Init      tim.o
    0x08001ed8   0x00000038   Code   RO         1194    i.MX_USART1_UART_Init  usart.o
    0x08001f10   0x00000038   Code   RO         1195    i.MX_USART2_UART_Init  usart.o
    0x08001f48   0x00000002   Code   RO         1243    i.MemManage_Handler  stm32f1xx_it.o
    0x08001f4a   0x00000002   Code   RO         1244    i.NMI_Handler       stm32f1xx_it.o
    0x08001f4c   0x00000090   Code   RO         1364    i.PID_Calc          pid.o
    0x08001fdc   0x00000010   Code   RO         1365    i.PID_Init          pid.o
    0x08001fec   0x00000008   Code   RO          990    i.StartDefaultTask  freertos.o
    0x08001ff4   0x0000002c   Code   RO         5420    i.SysTick_Handler   port.o
    0x08002020   0x0000005c   Code   RO          845    i.SystemClock_Config  main.o
    0x0800207c   0x00000002   Code   RO         4165    i.SystemInit        system_stm32f1xx.o
    0x0800207e   0x00000002   PAD
    0x08002080   0x0000000c   Code   RO         1245    i.TIM1_UP_IRQHandler  stm32f1xx_it.o
    0x0800208c   0x0000006c   Code   RO         2923    i.TIM_Base_SetConfig  stm32f1xx_hal_tim.o
    0x080020f8   0x0000001a   Code   RO         2924    i.TIM_CCxChannelCmd  stm32f1xx_hal_tim.o
    0x08002112   0x00000014   Code   RO         2934    i.TIM_ETR_SetConfig  stm32f1xx_hal_tim.o
    0x08002126   0x00000010   Code   RO         2935    i.TIM_ITRx_SetConfig  stm32f1xx_hal_tim.o
    0x08002136   0x00000002   PAD
    0x08002138   0x00000058   Code   RO         2936    i.TIM_OC1_SetConfig  stm32f1xx_hal_tim.o
    0x08002190   0x0000005c   Code   RO         2937    i.TIM_OC2_SetConfig  stm32f1xx_hal_tim.o
    0x080021ec   0x00000058   Code   RO         2938    i.TIM_OC3_SetConfig  stm32f1xx_hal_tim.o
    0x08002244   0x00000044   Code   RO         2939    i.TIM_OC4_SetConfig  stm32f1xx_hal_tim.o
    0x08002288   0x00000022   Code   RO         2941    i.TIM_TI1_ConfigInputStage  stm32f1xx_hal_tim.o
    0x080022aa   0x00000024   Code   RO         2943    i.TIM_TI2_ConfigInputStage  stm32f1xx_hal_tim.o
    0x080022ce   0x00000002   PAD
    0x080022d0   0x00000058   Code   RO          991    i.To_openMV_func    freertos.o
    0x08002328   0x0000004e   Code   RO         3854    i.UART_EndRxTransfer  stm32f1xx_hal_uart.o
    0x08002376   0x00000002   PAD
    0x08002378   0x000000b8   Code   RO         3857    i.UART_SetConfig    stm32f1xx_hal_uart.o
    0x08002430   0x00000070   Code   RO         3860    i.UART_WaitOnFlagUntilTimeout  stm32f1xx_hal_uart.o
    0x080024a0   0x00000002   Code   RO         1246    i.UsageFault_Handler  stm32f1xx_it.o
    0x080024a2   0x00000028   Code   RO         5656    i.__ARM_fpclassify  m_ws.l(fpclassify.o)
    0x080024ca   0x00000020   Code   RO         1914    i.__NVIC_SetPriority  stm32f1xx_hal_cortex.o
    0x080024ea   0x000000aa   Code   RO         5658    i.__kernel_poly     m_ws.l(poly.o)
    0x08002594   0x00000006   Code   RO         5643    i.__mathlib_dbl_infnan  m_ws.l(dunder.o)
    0x0800259a   0x00000004   Code   RO         5644    i.__mathlib_dbl_infnan2  m_ws.l(dunder.o)
    0x0800259e   0x0000000c   Code   RO         5645    i.__mathlib_dbl_invalid  m_ws.l(dunder.o)
    0x080025aa   0x00000002   PAD
    0x080025ac   0x00000010   Code   RO         5648    i.__mathlib_dbl_underflow  m_ws.l(dunder.o)
    0x080025bc   0x0000007c   Code   RO          184    i.accel_self_test   inv_mpu.o
    0x08002638   0x00000220   Code   RO         5633    i.atan              m_ws.l(atan.o)
    0x08002858   0x00000180   Code   RO         5581    i.atan2             m_ws.l(atan2.o)
    0x080029d8   0x0000019c   Code   RO          819    i.calculate_angles  dmp_self.o
    0x08002b74   0x00000048   Code   RO          992    i.checker           freertos.o
    0x08002bbc   0x00000014   Code   RO          993    i.checker_forge     freertos.o
    0x08002bd0   0x00000060   Code   RO          994    i.connect_read      freertos.o
    0x08002c30   0x0000010c   Code   RO          995    i.counter_func      freertos.o
    0x08002d3c   0x0000003a   Code   RO          544    i.dmp_enable_6x_lp_quat  inv_mpu_dmp_motion_driver.o
    0x08002d76   0x00000002   PAD
    0x08002d78   0x000001dc   Code   RO          545    i.dmp_enable_feature  inv_mpu_dmp_motion_driver.o
    0x08002f54   0x00000038   Code   RO          546    i.dmp_enable_gyro_cal  inv_mpu_dmp_motion_driver.o
    0x08002f8c   0x0000003a   Code   RO          547    i.dmp_enable_lp_quat  inv_mpu_dmp_motion_driver.o
    0x08002fc6   0x00000002   PAD
    0x08002fc8   0x00000014   Code   RO          552    i.dmp_load_motion_driver_firmware  inv_mpu_dmp_motion_driver.o
    0x08002fdc   0x000000d8   Code   RO          556    i.dmp_set_accel_bias  inv_mpu_dmp_motion_driver.o
    0x080030b4   0x00000064   Code   RO          557    i.dmp_set_fifo_rate  inv_mpu_dmp_motion_driver.o
    0x08003118   0x000000cc   Code   RO          558    i.dmp_set_gyro_bias  inv_mpu_dmp_motion_driver.o
    0x080031e4   0x0000010c   Code   RO          560    i.dmp_set_orientation  inv_mpu_dmp_motion_driver.o
    0x080032f0   0x00000030   Code   RO          563    i.dmp_set_shake_reject_thresh  inv_mpu_dmp_motion_driver.o
    0x08003320   0x00000020   Code   RO          564    i.dmp_set_shake_reject_time  inv_mpu_dmp_motion_driver.o
    0x08003340   0x00000020   Code   RO          565    i.dmp_set_shake_reject_timeout  inv_mpu_dmp_motion_driver.o
    0x08003360   0x00000040   Code   RO          566    i.dmp_set_tap_axes  inv_mpu_dmp_motion_driver.o
    0x080033a0   0x00000022   Code   RO          567    i.dmp_set_tap_count  inv_mpu_dmp_motion_driver.o
    0x080033c2   0x00000002   PAD
    0x080033c4   0x00000128   Code   RO          568    i.dmp_set_tap_thresh  inv_mpu_dmp_motion_driver.o
    0x080034ec   0x00000020   Code   RO          569    i.dmp_set_tap_time  inv_mpu_dmp_motion_driver.o
    0x0800350c   0x00000020   Code   RO          570    i.dmp_set_tap_time_multi  inv_mpu_dmp_motion_driver.o
    0x0800352c   0x00000048   Code   RO          997    i.ducted_motor_control  freertos.o
    0x08003574   0x00000094   Code   RO         5589    i.fmod              m_ws.l(fmod.o)
    0x08003608   0x000000a8   Code   RO          185    i.get_accel_prod_shift  inv_mpu.o
    0x080036b0   0x00000314   Code   RO          186    i.get_st_biases     inv_mpu.o
    0x080039c4   0x000000d8   Code   RO          187    i.gyro_self_test    inv_mpu.o
    0x08003a9c   0x00000054   Code   RO          998    i.gyroscope_read    freertos.o
    0x08003af0   0x00000022   Code   RO          188    i.inv_orientation_matrix_to_scalar  inv_mpu.o
    0x08003b12   0x00000048   Code   RO          189    i.inv_row_2_scale   inv_mpu.o
    0x08003b5a   0x00000002   PAD
    0x08003b5c   0x00000054   Code   RO          846    i.main              main.o
    0x08003bb0   0x0000000c   Code   RO         4985    i.makeFreeRtosPriority  cmsis_os.o
    0x08003bbc   0x00000058   Code   RO          191    i.mpu_configure_fifo  inv_mpu.o
    0x08003c14   0x000000a4   Code   RO          193    i.mpu_dmp_init      inv_mpu.o
    0x08003cb8   0x0000003c   Code   RO          194    i.mpu_get_accel_fsr  inv_mpu.o
    0x08003cf4   0x00000044   Code   RO          196    i.mpu_get_accel_sens  inv_mpu.o
    0x08003d38   0x00000034   Code   RO          202    i.mpu_get_gyro_fsr  inv_mpu.o
    0x08003d6c   0x00000040   Code   RO          204    i.mpu_get_gyro_sens  inv_mpu.o
    0x08003dac   0x00000038   Code   RO          206    i.mpu_get_lpf       inv_mpu.o
    0x08003de4   0x0000001c   Code   RO          208    i.mpu_get_sample_rate  inv_mpu.o
    0x08003e00   0x00000124   Code   RO          210    i.mpu_init          inv_mpu.o
    0x08003f24   0x000000a4   Code   RO          211    i.mpu_load_firmware  inv_mpu.o
    0x08003fc8   0x000000b8   Code   RO          212    i.mpu_lp_accel_mode  inv_mpu.o
    0x08004080   0x00000054   Code   RO          216    i.mpu_read_mem      inv_mpu.o
    0x080040d4   0x0000015c   Code   RO          219    i.mpu_reset_fifo    inv_mpu.o
    0x08004230   0x000000f0   Code   RO          220    i.mpu_run_self_test  inv_mpu.o
    0x08004320   0x00000068   Code   RO          222    i.mpu_set_accel_fsr  inv_mpu.o
    0x08004388   0x000000dc   Code   RO          223    i.mpu_set_bypass    inv_mpu.o
    0x08004464   0x00000078   Code   RO          225    i.mpu_set_dmp_state  inv_mpu.o
    0x080044dc   0x0000006c   Code   RO          226    i.mpu_set_gyro_fsr  inv_mpu.o
    0x08004548   0x00000064   Code   RO          227    i.mpu_set_int_latched  inv_mpu.o
    0x080045ac   0x0000006c   Code   RO          229    i.mpu_set_lpf       inv_mpu.o
    0x08004618   0x00000078   Code   RO          230    i.mpu_set_sample_rate  inv_mpu.o
    0x08004690   0x000000b8   Code   RO          231    i.mpu_set_sensors   inv_mpu.o
    0x08004748   0x00000054   Code   RO          232    i.mpu_write_mem     inv_mpu.o
    0x0800479c   0x0000000e   Code   RO         4987    i.osDelay           cmsis_os.o
    0x080047aa   0x0000000a   Code   RO         4990    i.osKernelStart     cmsis_os.o
    0x080047b4   0x00000054   Code   RO         5024    i.osThreadCreate    cmsis_os.o
    0x08004808   0x00000070   Code   RO         4667    i.prvAddCurrentTaskToDelayedList  tasks.o
    0x08004878   0x000000d0   Code   RO         4668    i.prvAddNewTaskToReadyList  tasks.o
    0x08004948   0x00000034   Code   RO         4669    i.prvDeleteTCB      tasks.o
    0x0800497c   0x0000004c   Code   RO         5352    i.prvHeapInit       heap_4.o
    0x080049c8   0x0000005c   Code   RO         4670    i.prvIdleTask       tasks.o
    0x08004a24   0x00000098   Code   RO         4671    i.prvInitialiseNewTask  tasks.o
    0x08004abc   0x0000004c   Code   RO         5353    i.prvInsertBlockIntoFreeList  heap_4.o
    0x08004b08   0x00000020   Code   RO         4672    i.prvResetNextTaskUnblockTime  tasks.o
    0x08004b28   0x00000028   Code   RO         5421    i.prvTaskExitError  port.o
    0x08004b50   0x000000dc   Code   RO         5354    i.pvPortMalloc      heap_4.o
    0x08004c2c   0x00000024   Code   RO         5422    i.pxPortInitialiseStack  port.o
    0x08004c50   0x00000080   Code   RO          233    i.run_self_test     inv_mpu.o
    0x08004cd0   0x0000006c   Code   RO          999    i.servo_motor_control  freertos.o
    0x08004d3c   0x00000054   Code   RO          234    i.set_int_enable    inv_mpu.o
    0x08004d90   0x0000004c   Code   RO         5597    i.sqrt              m_ws.l(sqrt.o)
    0x08004ddc   0x00000026   Code   RO         4303    i.uxListRemove      list.o
    0x08004e02   0x00000002   PAD
    0x08004e04   0x00000014   Code   RO         1000    i.vApplicationGetIdleTaskMemory  freertos.o
    0x08004e18   0x00000016   Code   RO         4304    i.vListInitialise   list.o
    0x08004e2e   0x00000006   Code   RO         4305    i.vListInitialiseItem  list.o
    0x08004e34   0x00000030   Code   RO         4306    i.vListInsert       list.o
    0x08004e64   0x00000018   Code   RO         4307    i.vListInsertEnd    list.o
    0x08004e7c   0x00000040   Code   RO         5424    i.vPortEnterCritical  port.o
    0x08004ebc   0x00000028   Code   RO         5425    i.vPortExitCritical  port.o
    0x08004ee4   0x00000064   Code   RO         5355    i.vPortFree         heap_4.o
    0x08004f48   0x00000024   Code   RO         5426    i.vPortSetupTimerInterrupt  port.o
    0x08004f6c   0x0000004c   Code   RO         4681    i.vTaskDelay        tasks.o
    0x08004fb8   0x0000006c   Code   RO         4694    i.vTaskStartScheduler  tasks.o
    0x08005024   0x00000010   Code   RO         4696    i.vTaskSuspendAll   tasks.o
    0x08005034   0x0000005c   Code   RO         4697    i.vTaskSwitchContext  tasks.o
    0x08005090   0x000000a8   Code   RO         5428    i.xPortStartScheduler  port.o
    0x08005138   0x0000005a   Code   RO         4700    i.xTaskCreate       tasks.o
    0x08005192   0x0000005a   Code   RO         4701    i.xTaskCreateStatic  tasks.o
    0x080051ec   0x000000cc   Code   RO         4708    i.xTaskIncrementTick  tasks.o
    0x080052b8   0x000000c4   Code   RO         4714    i.xTaskResumeAll    tasks.o
    0x0800537c   0x00000062   Code   RO         5518    x$fpl$d2f           fz_ws.l(d2f.o)
    0x080053de   0x00000002   PAD
    0x080053e0   0x00000150   Code   RO         5520    x$fpl$dadd          fz_ws.l(daddsub_clz.o)
    0x08005530   0x00000010   Code   RO         5685    x$fpl$dcheck1       fz_ws.l(dcheck1.o)
    0x08005540   0x000002b0   Code   RO         5527    x$fpl$ddiv          fz_ws.l(ddiv.o)
    0x080057f0   0x00000154   Code   RO         5536    x$fpl$dmul          fz_ws.l(dmul.o)
    0x08005944   0x0000009c   Code   RO         5613    x$fpl$dnaninf       fz_ws.l(dnaninf.o)
    0x080059e0   0x00000150   Code   RO         5615    x$fpl$drem          fz_ws.l(drem_clz.o)
    0x08005b30   0x0000000c   Code   RO         5617    x$fpl$dretinf       fz_ws.l(dretinf.o)
    0x08005b3c   0x00000016   Code   RO         5521    x$fpl$drsb          fz_ws.l(daddsub_clz.o)
    0x08005b52   0x00000002   PAD
    0x08005b54   0x000001cc   Code   RO         5619    x$fpl$dsqrt         fz_ws.l(dsqrt_noumaal.o)
    0x08005d20   0x000001d4   Code   RO         5522    x$fpl$dsub          fz_ws.l(daddsub_clz.o)
    0x08005ef4   0x00000056   Code   RO         5538    x$fpl$f2d           fz_ws.l(f2d.o)
    0x08005f4a   0x00000002   PAD
    0x08005f4c   0x000000c4   Code   RO         5540    x$fpl$fadd          fz_ws.l(faddsub_clz.o)
    0x08006010   0x0000000c   Code   RO         5621    x$fpl$fcheck1       fz_ws.l(fcheck1.o)
    0x0800601c   0x00000018   Code   RO         5689    x$fpl$fcmpinf       fz_ws.l(fcmpi.o)
    0x08006034   0x00000184   Code   RO         5547    x$fpl$fdiv          fz_ws.l(fdiv.o)
    0x080061b8   0x00000036   Code   RO         5550    x$fpl$ffix          fz_ws.l(ffix.o)
    0x080061ee   0x00000002   PAD
    0x080061f0   0x0000003e   Code   RO         5554    x$fpl$ffixu         fz_ws.l(ffixu.o)
    0x0800622e   0x00000002   PAD
    0x08006230   0x00000030   Code   RO         5559    x$fpl$fflt          fz_ws.l(fflt_clz.o)
    0x08006260   0x00000026   Code   RO         5558    x$fpl$ffltu         fz_ws.l(fflt_clz.o)
    0x08006286   0x00000002   PAD
    0x08006288   0x00000068   Code   RO         5623    x$fpl$fleqf         fz_ws.l(fleqf.o)
    0x080062f0   0x00000102   Code   RO         5564    x$fpl$fmul          fz_ws.l(fmul.o)
    0x080063f2   0x0000008c   Code   RO         5625    x$fpl$fnaninf       fz_ws.l(fnaninf.o)
    0x0800647e   0x0000000a   Code   RO         5627    x$fpl$fretinf       fz_ws.l(fretinf.o)
    0x08006488   0x00000062   Code   RO         5566    x$fpl$frleqf        fz_ws.l(frleqf.o)
    0x080064ea   0x00000002   PAD
    0x080064ec   0x000000ea   Code   RO         5542    x$fpl$fsub          fz_ws.l(faddsub_clz.o)
    0x080065d6   0x00000064   Code   RO         5691    x$fpl$retnan        fz_ws.l(retnan.o)
    0x0800663a   0x0000005c   Code   RO         5629    x$fpl$scalbn        fz_ws.l(scalbn.o)
    0x08006696   0x0000004c   Code   RO         5568    x$fpl$scalbnf       fz_ws.l(scalbnf.o)
    0x080066e2   0x00000030   Code   RO         5708    x$fpl$trapveneer    fz_ws.l(trapv.o)
    0x08006712   0x00000000   Code   RO         5631    x$fpl$usenofp       fz_ws.l(usenofp.o)
    0x08006712   0x0000001b   Data   RO          236    .constdata          inv_mpu.o
    0x0800672d   0x00000001   PAD
    0x0800672e   0x0000000c   Data   RO          237    .constdata          inv_mpu.o
    0x0800673a   0x00000002   PAD
    0x0800673c   0x00000028   Data   RO          238    .constdata          inv_mpu.o
    0x08006764   0x00000bf6   Data   RO          572    .constdata          inv_mpu_dmp_motion_driver.o
    0x0800735a   0x00000002   PAD
    0x0800735c   0x000000c4   Data   RO         1002    .constdata          freertos.o
    0x08007420   0x00000012   Data   RO         1612    .constdata          stm32f1xx_hal_rcc.o
    0x08007432   0x00000010   Data   RO         4166    .constdata          system_stm32f1xx.o
    0x08007442   0x00000008   Data   RO         4167    .constdata          system_stm32f1xx.o
    0x0800744a   0x00000006   PAD
    0x08007450   0x00000098   Data   RO         5634    .constdata          m_ws.l(atan.o)
    0x080074e8   0x00000008   Data   RO         5660    .constdata          m_ws.l(qnan.o)
    0x080074f0   0x00000054   Data   RO         1003    .conststring        freertos.o
    0x08007544   0x00000020   Data   RO         5838    Region$$Table       anon$$obj.o


    Execution Region RW_IRAM1 (Base: 0x20000000, Size: 0x000017e8, Max: 0x00002800, ABSOLUTE)

    Base Addr    Size         Type   Attr      Idx    E Section Name        Object

    0x20000000   0x00000035   Data   RW          239    .data               inv_mpu.o
    0x20000035   0x00000003   PAD
    0x20000038   0x0000001c   Data   RW          821    .data               dmp_self.o
    0x20000054   0x00000002   Data   RW          822    .data               dmp_self.o
    0x20000056   0x00000002   Data   RW          823    .data               dmp_self.o
    0x20000058   0x00000048   Data   RW         1004    .data               freertos.o
    0x200000a0   0x0000000c   Data   RW         1449    .data               stm32f1xx_hal.o
    0x200000ac   0x00000004   Data   RW         4168    .data               system_stm32f1xx.o
    0x200000b0   0x0000003c   Data   RW         4717    .data               tasks.o
    0x200000ec   0x00000020   Data   RW         5361    .data               heap_4.o
    0x2000010c   0x0000000c   Data   RW         5429    .data               port.o
    0x20000118   0x00000010   Zero   RW          571    .bss                inv_mpu_dmp_motion_driver.o
    0x20000128   0x00000014   Zero   RW          820    .bss                dmp_self.o
    0x2000013c   0x000001a0   Zero   RW         1001    .bss                freertos.o
    0x200002dc   0x00000054   Zero   RW         1099    .bss                i2c.o
    0x20000330   0x00000090   Zero   RW         1143    .bss                tim.o
    0x200003c0   0x00000090   Zero   RW         1196    .bss                usart.o
    0x20000450   0x00000048   Zero   RW         1331    .bss                stm32f1xx_hal_timebase_tim.o
    0x20000498   0x000000f0   Zero   RW         4716    .bss                tasks.o
    0x20000588   0x00000c00   Zero   RW         5360    .bss                heap_4.o
    0x20001188   0x00000060   Zero   RW         5694    .bss                c_w.l(libspace.o)
    0x200011e8   0x00000200   Zero   RW            2    HEAP                startup_stm32f103x6.o
    0x200013e8   0x00000400   Zero   RW            1    STACK               startup_stm32f103x6.o


==============================================================================

Image component sizes


      Code (inc. data)   RO Data    RW Data    ZI Data      Debug   Object Name

       120          0          0          0          0      23337   cmsis_os.o
       412         50          0         32         20       1213   dmp_self.o
         0          0          0          0          0      17096   event_groups.o
      1008        136        280         72        416       8901   freertos.o
       128         10          0          0          0        935   gpio.o
       472         24          0         32       3072       7403   heap_4.o
       156         26          0          0         84       1613   i2c.o
       556         46          0          0          0     431627   iic.o
      4654        196         79         53          0      27104   inv_mpu.o
      2026        112       3062          0         16      17822   inv_mpu_dmp_motion_driver.o
       138          0          0          0          0       3390   list.o
       200         16          0          0          0      34476   main.o
       638          0          0          0          0       7065   mpu6050.o
       160          0          0          0          0       1834   pid.o
       578         58          0         12          0      10204   port.o
        64         26        236          0       1536        808   startup_stm32f103x6.o
       100         18          0         12          0       4874   stm32f1xx_hal.o
       158         14          0          0          0      28154   stm32f1xx_hal_cortex.o
       460         28          0          0          0       3447   stm32f1xx_hal_gpio.o
       392         16          0          0          0       3199   stm32f1xx_hal_i2c.o
        72         10          0          0          0        862   stm32f1xx_hal_msp.o
      1308         94         18          0          0       5857   stm32f1xx_hal_rcc.o
      1726         50          0          0          0      16630   stm32f1xx_hal_tim.o
       100         10          0          0          0       2469   stm32f1xx_hal_tim_ex.o
       140         22          0          0         72       1411   stm32f1xx_hal_timebase_tim.o
       650          6          0          0          0       4543   stm32f1xx_hal_uart.o
        24          6          0          0          0       2994   stm32f1xx_it.o
         0          0          0          0          0        440   stream_buffer.o
         2          0         24          4          0       1107   system_stm32f1xx.o
      1520        110          0         60        240      19062   tasks.o
       488         36          0          0        144       3097   tim.o
       284         32          0          0        144       2319   usart.o

    ----------------------------------------------------------------------
     18768       1152       3742        280       5744     695293   Object Totals
         0          0         32          0          0          0   (incl. Generated)
        34          0         11          3          0          0   (incl. Padding)

    ----------------------------------------------------------------------

      Code (inc. data)   RO Data    RW Data    ZI Data      Debug   Library Member Name

         8          0          0          0          0         68   __main.o
         0          0          0          0          0          0   __rtentry.o
        12          0          0          0          0          0   __rtentry2.o
         6          0          0          0          0          0   __rtentry4.o
        52          8          0          0          0          0   __scatter.o
        26          0          0          0          0          0   __scatter_copy.o
        28          0          0          0          0          0   __scatter_zi.o
        22          0          0          0          0        100   _rserrno.o
        16          0          0          0          0         68   aeabi_memset.o
        18          0          0          0          0         80   exit.o
         6          0          0          0          0        152   heapauxi.o
         0          0          0          0          0          0   indicate_semi.o
         2          0          0          0          0          0   libinit.o
         2          0          0          0          0          0   libinit2.o
         2          0          0          0          0          0   libshutdown.o
         2          0          0          0          0          0   libshutdown2.o
         8          4          0          0         96         68   libspace.o
        72          0          0          0          0         76   llsdiv.o
       238          0          0          0          0        100   lludivv7m.o
        88          0          0          0          0         76   memcmp.o
         8          4          0          0          0         68   rt_errno_addr_intlibspace.o
        68          0          0          0          0         68   rt_memclr.o
        78          0          0          0          0         80   rt_memclr_w.o
       100          0          0          0          0         80   rt_memcpy_w.o
         2          0          0          0          0          0   rtexit.o
        10          0          0          0          0          0   rtexit2.o
        12          4          0          0          0         68   sys_exit.o
        74          0          0          0          0         80   sys_stackheap_outer.o
         2          0          0          0          0         68   use_no_semi.o
        98          4          0          0          0         92   d2f.o
       826         16          0          0          0        348   daddsub_clz.o
        16          4          0          0          0         68   dcheck1.o
       688        140          0          0          0        208   ddiv.o
       340         12          0          0          0        104   dmul.o
       156          4          0          0          0         92   dnaninf.o
       336         12          0          0          0         88   drem_clz.o
        12          0          0          0          0         68   dretinf.o
       460         56          0          0          0        120   dsqrt_noumaal.o
        86          4          0          0          0         84   f2d.o
       430          8          0          0          0        168   faddsub_clz.o
        12          4          0          0          0         68   fcheck1.o
        24          0          0          0          0         68   fcmpi.o
       388         76          0          0          0         96   fdiv.o
        54          4          0          0          0         84   ffix.o
        62          4          0          0          0         84   ffixu.o
        86          0          0          0          0        136   fflt_clz.o
       104          4          0          0          0         84   fleqf.o
       258          4          0          0          0         84   fmul.o
       140          4          0          0          0         84   fnaninf.o
        10          0          0          0          0         68   fretinf.o
        98          0          0          0          0         68   frleqf.o
       100          0          0          0          0         68   retnan.o
        92          0          0          0          0         68   scalbn.o
        76          0          0          0          0         68   scalbnf.o
        48          0          0          0          0         68   trapv.o
         0          0          0          0          0          0   usenofp.o
       544         70        152          0          0        124   atan.o
       384         38          0          0          0        144   atan2.o
        38          6          0          0          0        272   dunder.o
       148          4          0          0          0         88   fmod.o
        40          0          0          0          0         68   fpclassify.o
       170          0          0          0          0         96   poly.o
         0          0          8          0          0          0   qnan.o
        76          0          0          0          0         84   sqrt.o

    ----------------------------------------------------------------------
      7382        498        160          0         96       4812   Library Totals
        20          0          0          0          0          0   (incl. Padding)

    ----------------------------------------------------------------------

      Code (inc. data)   RO Data    RW Data    ZI Data      Debug   Library Name

       962         20          0          0         96       1300   c_w.l
      5000        360          0          0          0       2636   fz_ws.l
      1400        118        160          0          0        876   m_ws.l

    ----------------------------------------------------------------------
      7382        498        160          0         96       4812   Library Totals

    ----------------------------------------------------------------------

==============================================================================


      Code (inc. data)   RO Data    RW Data    ZI Data      Debug   

     26150       1650       3902        280       5840     687777   Grand Totals
     26150       1650       3902        280       5840     687777   ELF Image Totals
     26150       1650       3902        280          0          0   ROM Totals

==============================================================================

    Total RO  Size (Code + RO Data)                30052 (  29.35kB)
    Total RW  Size (RW Data + ZI Data)              6120 (   5.98kB)
    Total ROM Size (Code + RO Data + RW Data)      30332 (  29.62kB)

==============================================================================

